Archive member included to satisfy reference by file (symbol)

d:/ahl-gec-ide(4.45)/gcc/bin/../lib/gcc/arm-none-eabi/7.2.1/../../../../arm-none-eabi/lib/thumb/v7e-m/fpv4-sp/hard\libc_nano.a(lib_a-exit.o)
                              d:/ahl-gec-ide(4.45)/gcc/bin/../lib/gcc/arm-none-eabi/7.2.1/../../../../arm-none-eabi/lib/thumb/v7e-m/fpv4-sp/hard/crt0.o (exit)
d:/ahl-gec-ide(4.45)/gcc/bin/../lib/gcc/arm-none-eabi/7.2.1/../../../../arm-none-eabi/lib/thumb/v7e-m/fpv4-sp/hard\libc_nano.a(lib_a-impure.o)
                              d:/ahl-gec-ide(4.45)/gcc/bin/../lib/gcc/arm-none-eabi/7.2.1/../../../../arm-none-eabi/lib/thumb/v7e-m/fpv4-sp/hard\libc_nano.a(lib_a-exit.o) (_global_impure_ptr)
d:/ahl-gec-ide(4.45)/gcc/bin/../lib/gcc/arm-none-eabi/7.2.1/../../../../arm-none-eabi/lib/thumb/v7e-m/fpv4-sp/hard\libc_nano.a(lib_a-init.o)
                              d:/ahl-gec-ide(4.45)/gcc/bin/../lib/gcc/arm-none-eabi/7.2.1/../../../../arm-none-eabi/lib/thumb/v7e-m/fpv4-sp/hard/crt0.o (__libc_init_array)
d:/ahl-gec-ide(4.45)/gcc/bin/../lib/gcc/arm-none-eabi/7.2.1/../../../../arm-none-eabi/lib/thumb/v7e-m/fpv4-sp/hard\libc_nano.a(lib_a-memcpy-stub.o)
                              ./obj/flash.o (memcpy)
d:/ahl-gec-ide(4.45)/gcc/bin/../lib/gcc/arm-none-eabi/7.2.1/../../../../arm-none-eabi/lib/thumb/v7e-m/fpv4-sp/hard\libc_nano.a(lib_a-memset.o)
                              d:/ahl-gec-ide(4.45)/gcc/bin/../lib/gcc/arm-none-eabi/7.2.1/../../../../arm-none-eabi/lib/thumb/v7e-m/fpv4-sp/hard/crt0.o (memset)
d:/ahl-gec-ide(4.45)/gcc/bin/../lib/gcc/arm-none-eabi/7.2.1/../../../../arm-none-eabi/lib/thumb/v7e-m/fpv4-sp/hard\libc_nano.a(lib_a-strcmp.o)
                              ./obj/emuart.o (strcmp)
d:/ahl-gec-ide(4.45)/gcc/bin/../lib/gcc/arm-none-eabi/7.2.1/../../../../arm-none-eabi/lib/thumb/v7e-m/fpv4-sp/hard\libc_nano.a(lib_a-strlen.o)
                              ./obj/printf.o (strlen)
d:/ahl-gec-ide(4.45)/gcc/bin/../lib/gcc/arm-none-eabi/7.2.1/../../../../arm-none-eabi/lib/thumb/v7e-m/fpv4-sp/hard\libc_nano.a(lib_a-strncmp.o)
                              ./obj/emuart.o (strncmp)
d:/ahl-gec-ide(4.45)/gcc/bin/../lib/gcc/arm-none-eabi/7.2.1/thumb/v7e-m/fpv4-sp/hard\libgcc.a(_arm_addsubdf3.o)
                              ./obj/valueType.o (__aeabi_dsub)
d:/ahl-gec-ide(4.45)/gcc/bin/../lib/gcc/arm-none-eabi/7.2.1/thumb/v7e-m/fpv4-sp/hard\libgcc.a(_arm_muldivdf3.o)
                              ./obj/printf.o (__aeabi_dmul)
d:/ahl-gec-ide(4.45)/gcc/bin/../lib/gcc/arm-none-eabi/7.2.1/thumb/v7e-m/fpv4-sp/hard\libgcc.a(_arm_cmpdf2.o)
                              ./obj/printf.o (__aeabi_dcmpeq)
d:/ahl-gec-ide(4.45)/gcc/bin/../lib/gcc/arm-none-eabi/7.2.1/thumb/v7e-m/fpv4-sp/hard\libgcc.a(_arm_fixdfsi.o)
                              ./obj/valueType.o (__aeabi_d2iz)
d:/ahl-gec-ide(4.45)/gcc/bin/../lib/gcc/arm-none-eabi/7.2.1/thumb/v7e-m/fpv4-sp/hard\libgcc.a(_arm_truncdfsf2.o)
                              ./obj/valueType.o (__aeabi_d2f)
d:/ahl-gec-ide(4.45)/gcc/bin/../lib/gcc/arm-none-eabi/7.2.1/thumb/v7e-m/fpv4-sp/hard\libgcc.a(_aeabi_uldivmod.o)
                              ./obj/printf.o (__aeabi_uldivmod)
d:/ahl-gec-ide(4.45)/gcc/bin/../lib/gcc/arm-none-eabi/7.2.1/thumb/v7e-m/fpv4-sp/hard\libgcc.a(_fixunsdfdi.o)
                              ./obj/printf.o (__aeabi_d2ulz)
d:/ahl-gec-ide(4.45)/gcc/bin/../lib/gcc/arm-none-eabi/7.2.1/thumb/v7e-m/fpv4-sp/hard\libgcc.a(_udivmoddi4.o)
                              d:/ahl-gec-ide(4.45)/gcc/bin/../lib/gcc/arm-none-eabi/7.2.1/thumb/v7e-m/fpv4-sp/hard\libgcc.a(_aeabi_uldivmod.o) (__udivmoddi4)
d:/ahl-gec-ide(4.45)/gcc/bin/../lib/gcc/arm-none-eabi/7.2.1/thumb/v7e-m/fpv4-sp/hard\libgcc.a(_dvmd_tls.o)
                              d:/ahl-gec-ide(4.45)/gcc/bin/../lib/gcc/arm-none-eabi/7.2.1/thumb/v7e-m/fpv4-sp/hard\libgcc.a(_aeabi_uldivmod.o) (__aeabi_ldiv0)
d:/ahl-gec-ide(4.45)/gcc/bin/../lib/gcc/arm-none-eabi/7.2.1/thumb/v7e-m/fpv4-sp/hard\libgcc.a(_arm_fixunsdfsi.o)
                              d:/ahl-gec-ide(4.45)/gcc/bin/../lib/gcc/arm-none-eabi/7.2.1/thumb/v7e-m/fpv4-sp/hard\libgcc.a(_fixunsdfdi.o) (__aeabi_d2uiz)
d:/ahl-gec-ide(4.45)/gcc/bin/../lib/gcc/arm-none-eabi/7.2.1/../../../../arm-none-eabi/lib/thumb/v7e-m/fpv4-sp/hard\libnosys.a(_exit.o)
                              d:/ahl-gec-ide(4.45)/gcc/bin/../lib/gcc/arm-none-eabi/7.2.1/../../../../arm-none-eabi/lib/thumb/v7e-m/fpv4-sp/hard\libc_nano.a(lib_a-exit.o) (_exit)

Allocating common symbols
Common symbol       size              file

k                   0x4               ./obj/lcd.o
component_fun       0x4               ./obj/gec.o

Discarded input sections

 .text          0x00000000        0x0 d:/ahl-gec-ide(4.45)/gcc/bin/../lib/gcc/arm-none-eabi/7.2.1/thumb/v7e-m/fpv4-sp/hard/crti.o
 .data          0x00000000        0x0 d:/ahl-gec-ide(4.45)/gcc/bin/../lib/gcc/arm-none-eabi/7.2.1/thumb/v7e-m/fpv4-sp/hard/crti.o
 .bss           0x00000000        0x0 d:/ahl-gec-ide(4.45)/gcc/bin/../lib/gcc/arm-none-eabi/7.2.1/thumb/v7e-m/fpv4-sp/hard/crti.o
 .data          0x00000000        0x4 d:/ahl-gec-ide(4.45)/gcc/bin/../lib/gcc/arm-none-eabi/7.2.1/thumb/v7e-m/fpv4-sp/hard/crtbegin.o
 .text          0x00000000       0x74 d:/ahl-gec-ide(4.45)/gcc/bin/../lib/gcc/arm-none-eabi/7.2.1/../../../../arm-none-eabi/lib/thumb/v7e-m/fpv4-sp/hard/crt0.o
 .data          0x00000000        0x0 d:/ahl-gec-ide(4.45)/gcc/bin/../lib/gcc/arm-none-eabi/7.2.1/../../../../arm-none-eabi/lib/thumb/v7e-m/fpv4-sp/hard/crt0.o
 .bss           0x00000000        0x0 d:/ahl-gec-ide(4.45)/gcc/bin/../lib/gcc/arm-none-eabi/7.2.1/../../../../arm-none-eabi/lib/thumb/v7e-m/fpv4-sp/hard/crt0.o
 .ARM.extab     0x00000000        0x0 d:/ahl-gec-ide(4.45)/gcc/bin/../lib/gcc/arm-none-eabi/7.2.1/../../../../arm-none-eabi/lib/thumb/v7e-m/fpv4-sp/hard/crt0.o
 .ARM.exidx     0x00000000        0x8 d:/ahl-gec-ide(4.45)/gcc/bin/../lib/gcc/arm-none-eabi/7.2.1/../../../../arm-none-eabi/lib/thumb/v7e-m/fpv4-sp/hard/crt0.o
 .ARM.attributes
                0x00000000       0x20 d:/ahl-gec-ide(4.45)/gcc/bin/../lib/gcc/arm-none-eabi/7.2.1/../../../../arm-none-eabi/lib/thumb/v7e-m/fpv4-sp/hard/crt0.o
 .group         0x00000000        0xc ./obj/emuart.o
 .group         0x00000000        0xc ./obj/emuart.o
 .group         0x00000000        0xc ./obj/emuart.o
 .group         0x00000000        0xc ./obj/emuart.o
 .group         0x00000000        0xc ./obj/emuart.o
 .group         0x00000000        0xc ./obj/emuart.o
 .group         0x00000000        0xc ./obj/emuart.o
 .group         0x00000000        0xc ./obj/emuart.o
 .group         0x00000000        0xc ./obj/emuart.o
 .group         0x00000000        0xc ./obj/emuart.o
 .group         0x00000000        0xc ./obj/emuart.o
 .group         0x00000000        0xc ./obj/emuart.o
 .group         0x00000000        0xc ./obj/emuart.o
 .group         0x00000000        0xc ./obj/emuart.o
 .group         0x00000000        0xc ./obj/emuart.o
 .group         0x00000000        0xc ./obj/emuart.o
 .group         0x00000000        0xc ./obj/emuart.o
 .group         0x00000000        0xc ./obj/emuart.o
 .group         0x00000000        0xc ./obj/emuart.o
 .group         0x00000000        0xc ./obj/emuart.o
 .group         0x00000000        0xc ./obj/emuart.o
 .group         0x00000000        0xc ./obj/emuart.o
 .group         0x00000000        0xc ./obj/emuart.o
 .group         0x00000000        0xc ./obj/emuart.o
 .group         0x00000000        0xc ./obj/emuart.o
 .group         0x00000000        0xc ./obj/emuart.o
 .group         0x00000000        0xc ./obj/emuart.o
 .group         0x00000000        0xc ./obj/emuart.o
 .group         0x00000000        0xc ./obj/emuart.o
 .group         0x00000000        0xc ./obj/emuart.o
 .group         0x00000000        0xc ./obj/emuart.o
 .group         0x00000000        0xc ./obj/emuart.o
 .text          0x00000000        0x0 ./obj/emuart.o
 .data          0x00000000        0x0 ./obj/emuart.o
 .bss           0x00000000        0x0 ./obj/emuart.o
 .text.emuart_init
                0x00000000       0x18 ./obj/emuart.o
 .text.crc16    0x00000000       0x3e ./obj/emuart.o
 .text.sendFrame
                0x00000000       0x64 ./obj/emuart.o
 .text.emuart_send1
                0x00000000       0x16 ./obj/emuart.o
 .text.emuart_sendN
                0x00000000        0x8 ./obj/emuart.o
 .text.emuart_send_string
                0x00000000       0x18 ./obj/emuart.o
 .text.emuart_frame
                0x00000000      0x19c ./obj/emuart.o
 .text.useremuart_frame
                0x00000000      0x1c0 ./obj/emuart.o
 .bss.UART_NO   0x00000000        0x1 ./obj/emuart.o
 .data.index.7324
                0x00000000        0x2 ./obj/emuart.o
 .data.index.7339
                0x00000000        0x2 ./obj/emuart.o
 .data.length.7325
                0x00000000        0x2 ./obj/emuart.o
 .data.length.7340
                0x00000000        0x2 ./obj/emuart.o
 .data.markPos.7326
                0x00000000        0x1 ./obj/emuart.o
 .data.markPos.7341
                0x00000000        0x1 ./obj/emuart.o
 .rodata.emuartTerminStr1
                0x00000000        0x6 ./obj/emuart.o
 .rodata.emuartTerminStr2
                0x00000000        0x8 ./obj/emuart.o
 .rodata.emuart_frame.str1.4
                0x00000000       0x2f ./obj/emuart.o
 .debug_info    0x00000000      0xf30 ./obj/emuart.o
 .debug_abbrev  0x00000000      0x2c1 ./obj/emuart.o
 .debug_loc     0x00000000      0x4af ./obj/emuart.o
 .debug_aranges
                0x00000000       0x58 ./obj/emuart.o
 .debug_ranges  0x00000000       0x48 ./obj/emuart.o
 .debug_macro   0x00000000      0x1ca ./obj/emuart.o
 .debug_macro   0x00000000      0xa5a ./obj/emuart.o
 .debug_macro   0x00000000       0x22 ./obj/emuart.o
 .debug_macro   0x00000000       0x40 ./obj/emuart.o
 .debug_macro   0x00000000       0x17 ./obj/emuart.o
 .debug_macro   0x00000000       0x8d ./obj/emuart.o
 .debug_macro   0x00000000       0x3c ./obj/emuart.o
 .debug_macro   0x00000000       0x9c ./obj/emuart.o
 .debug_macro   0x00000000      0x174 ./obj/emuart.o
 .debug_macro   0x00000000       0x57 ./obj/emuart.o
 .debug_macro   0x00000000       0x52 ./obj/emuart.o
 .debug_macro   0x00000000       0x1f ./obj/emuart.o
 .debug_macro   0x00000000       0x43 ./obj/emuart.o
 .debug_macro   0x00000000       0x20 ./obj/emuart.o
 .debug_macro   0x00000000      0x1a3 ./obj/emuart.o
 .debug_macro   0x00000000      0x330 ./obj/emuart.o
 .debug_macro   0x00000000       0x10 ./obj/emuart.o
 .debug_macro   0x00000000       0x35 ./obj/emuart.o
 .debug_macro   0x00000000       0x2e ./obj/emuart.o
 .debug_macro   0x00000000       0x28 ./obj/emuart.o
 .debug_macro   0x00000000       0xef ./obj/emuart.o
 .debug_macro   0x00000000       0x6a ./obj/emuart.o
 .debug_macro   0x00000000      0x1df ./obj/emuart.o
 .debug_macro   0x00000000       0x1c ./obj/emuart.o
 .debug_macro   0x00000000       0x22 ./obj/emuart.o
 .debug_macro   0x00000000       0xd2 ./obj/emuart.o
 .debug_macro   0x00000000     0x1018 ./obj/emuart.o
 .debug_macro   0x00000000    0x150d6 ./obj/emuart.o
 .debug_macro   0x00000000       0x43 ./obj/emuart.o
 .debug_macro   0x00000000       0x34 ./obj/emuart.o
 .debug_macro   0x00000000       0x3a ./obj/emuart.o
 .debug_macro   0x00000000       0x28 ./obj/emuart.o
 .debug_macro   0x00000000       0x3a ./obj/emuart.o
 .debug_line    0x00000000      0x615 ./obj/emuart.o
 .debug_str     0x00000000    0x8165c ./obj/emuart.o
 .comment       0x00000000       0x7f ./obj/emuart.o
 .debug_frame   0x00000000       0xfc ./obj/emuart.o
 .ARM.attributes
                0x00000000       0x39 ./obj/emuart.o
 .group         0x00000000        0xc ./obj/valueType.o
 .group         0x00000000        0xc ./obj/valueType.o
 .group         0x00000000        0xc ./obj/valueType.o
 .group         0x00000000        0xc ./obj/valueType.o
 .group         0x00000000        0xc ./obj/valueType.o
 .group         0x00000000        0xc ./obj/valueType.o
 .group         0x00000000        0xc ./obj/valueType.o
 .group         0x00000000        0xc ./obj/valueType.o
 .group         0x00000000        0xc ./obj/valueType.o
 .group         0x00000000        0xc ./obj/valueType.o
 .group         0x00000000        0xc ./obj/valueType.o
 .group         0x00000000        0xc ./obj/valueType.o
 .group         0x00000000        0xc ./obj/valueType.o
 .group         0x00000000        0xc ./obj/valueType.o
 .text          0x00000000        0x0 ./obj/valueType.o
 .data          0x00000000        0x0 ./obj/valueType.o
 .bss           0x00000000        0x0 ./obj/valueType.o
 .text.IntConvertToStr
                0x00000000       0x78 ./obj/valueType.o
 .text.DoubleConvertToStr
                0x00000000      0x144 ./obj/valueType.o
 .text.FloatConvertToStr
                0x00000000      0x110 ./obj/valueType.o
 .debug_info    0x00000000      0x339 ./obj/valueType.o
 .debug_abbrev  0x00000000       0xf7 ./obj/valueType.o
 .debug_loc     0x00000000      0x678 ./obj/valueType.o
 .debug_aranges
                0x00000000       0x30 ./obj/valueType.o
 .debug_ranges  0x00000000       0x20 ./obj/valueType.o
 .debug_macro   0x00000000       0xd4 ./obj/valueType.o
 .debug_macro   0x00000000      0xa5a ./obj/valueType.o
 .debug_macro   0x00000000       0x22 ./obj/valueType.o
 .debug_macro   0x00000000       0x87 ./obj/valueType.o
 .debug_macro   0x00000000       0x51 ./obj/valueType.o
 .debug_macro   0x00000000       0xef ./obj/valueType.o
 .debug_macro   0x00000000       0x6a ./obj/valueType.o
 .debug_macro   0x00000000      0x1df ./obj/valueType.o
 .debug_macro   0x00000000       0xd8 ./obj/valueType.o
 .debug_macro   0x00000000       0x1c ./obj/valueType.o
 .debug_macro   0x00000000       0x28 ./obj/valueType.o
 .debug_macro   0x00000000     0x1018 ./obj/valueType.o
 .debug_macro   0x00000000    0x150d6 ./obj/valueType.o
 .debug_macro   0x00000000       0x22 ./obj/valueType.o
 .debug_macro   0x00000000       0x34 ./obj/valueType.o
 .debug_line    0x00000000      0x385 ./obj/valueType.o
 .debug_str     0x00000000    0x7dc55 ./obj/valueType.o
 .comment       0x00000000       0x7f ./obj/valueType.o
 .debug_frame   0x00000000       0x98 ./obj/valueType.o
 .ARM.attributes
                0x00000000       0x39 ./obj/valueType.o
 .group         0x00000000        0xc ./obj/flash.o
 .group         0x00000000        0xc ./obj/flash.o
 .group         0x00000000        0xc ./obj/flash.o
 .group         0x00000000        0xc ./obj/flash.o
 .group         0x00000000        0xc ./obj/flash.o
 .group         0x00000000        0xc ./obj/flash.o
 .group         0x00000000        0xc ./obj/flash.o
 .group         0x00000000        0xc ./obj/flash.o
 .group         0x00000000        0xc ./obj/flash.o
 .group         0x00000000        0xc ./obj/flash.o
 .group         0x00000000        0xc ./obj/flash.o
 .group         0x00000000        0xc ./obj/flash.o
 .group         0x00000000        0xc ./obj/flash.o
 .group         0x00000000        0xc ./obj/flash.o
 .group         0x00000000        0xc ./obj/flash.o
 .group         0x00000000        0xc ./obj/flash.o
 .group         0x00000000        0xc ./obj/flash.o
 .group         0x00000000        0xc ./obj/flash.o
 .group         0x00000000        0xc ./obj/flash.o
 .group         0x00000000        0xc ./obj/flash.o
 .group         0x00000000        0xc ./obj/flash.o
 .group         0x00000000        0xc ./obj/flash.o
 .group         0x00000000        0xc ./obj/flash.o
 .group         0x00000000        0xc ./obj/flash.o
 .group         0x00000000        0xc ./obj/flash.o
 .group         0x00000000        0xc ./obj/flash.o
 .group         0x00000000        0xc ./obj/flash.o
 .group         0x00000000        0xc ./obj/flash.o
 .group         0x00000000        0xc ./obj/flash.o
 .group         0x00000000        0xc ./obj/flash.o
 .group         0x00000000        0xc ./obj/flash.o
 .text          0x00000000        0x0 ./obj/flash.o
 .data          0x00000000        0x0 ./obj/flash.o
 .bss           0x00000000        0x0 ./obj/flash.o
 .text.flash_init
                0x00000000       0x44 ./obj/flash.o
 .text.flash_protect
                0x00000000       0x5c ./obj/flash.o
 .text.flash_unprotect
                0x00000000       0x58 ./obj/flash.o
 .text.flash_isSectorProtected
                0x00000000       0x3c ./obj/flash.o
 .debug_macro   0x00000000      0xa5a ./obj/flash.o
 .debug_macro   0x00000000       0x2e ./obj/flash.o
 .debug_macro   0x00000000       0x28 ./obj/flash.o
 .debug_macro   0x00000000       0x22 ./obj/flash.o
 .debug_macro   0x00000000       0x87 ./obj/flash.o
 .debug_macro   0x00000000       0x51 ./obj/flash.o
 .debug_macro   0x00000000       0xef ./obj/flash.o
 .debug_macro   0x00000000       0x6a ./obj/flash.o
 .debug_macro   0x00000000      0x1df ./obj/flash.o
 .debug_macro   0x00000000       0x1c ./obj/flash.o
 .debug_macro   0x00000000       0x22 ./obj/flash.o
 .debug_macro   0x00000000       0xd8 ./obj/flash.o
 .debug_macro   0x00000000     0x1018 ./obj/flash.o
 .debug_macro   0x00000000    0x150d6 ./obj/flash.o
 .debug_macro   0x00000000       0x43 ./obj/flash.o
 .debug_macro   0x00000000       0x34 ./obj/flash.o
 .debug_macro   0x00000000       0x3a ./obj/flash.o
 .debug_macro   0x00000000       0x17 ./obj/flash.o
 .debug_macro   0x00000000       0x3c ./obj/flash.o
 .debug_macro   0x00000000       0x9c ./obj/flash.o
 .debug_macro   0x00000000      0x174 ./obj/flash.o
 .debug_macro   0x00000000       0x52 ./obj/flash.o
 .debug_macro   0x00000000       0x1f ./obj/flash.o
 .debug_macro   0x00000000       0x43 ./obj/flash.o
 .debug_macro   0x00000000       0x20 ./obj/flash.o
 .debug_macro   0x00000000      0x1a3 ./obj/flash.o
 .debug_macro   0x00000000       0x10 ./obj/flash.o
 .debug_macro   0x00000000       0x35 ./obj/flash.o
 .group         0x00000000        0xc ./obj/wdog.o
 .group         0x00000000        0xc ./obj/wdog.o
 .group         0x00000000        0xc ./obj/wdog.o
 .group         0x00000000        0xc ./obj/wdog.o
 .group         0x00000000        0xc ./obj/wdog.o
 .group         0x00000000        0xc ./obj/wdog.o
 .group         0x00000000        0xc ./obj/wdog.o
 .group         0x00000000        0xc ./obj/wdog.o
 .group         0x00000000        0xc ./obj/wdog.o
 .group         0x00000000        0xc ./obj/wdog.o
 .group         0x00000000        0xc ./obj/wdog.o
 .group         0x00000000        0xc ./obj/wdog.o
 .group         0x00000000        0xc ./obj/wdog.o
 .group         0x00000000        0xc ./obj/wdog.o
 .group         0x00000000        0xc ./obj/wdog.o
 .group         0x00000000        0xc ./obj/wdog.o
 .group         0x00000000        0xc ./obj/wdog.o
 .group         0x00000000        0xc ./obj/wdog.o
 .group         0x00000000        0xc ./obj/wdog.o
 .text          0x00000000        0x0 ./obj/wdog.o
 .data          0x00000000        0x0 ./obj/wdog.o
 .bss           0x00000000        0x0 ./obj/wdog.o
 .text.wdog_start
                0x00000000       0x20 ./obj/wdog.o
 .text.wdog_feed
                0x00000000       0x10 ./obj/wdog.o
 .text.wdog_stop
                0x00000000        0x2 ./obj/wdog.o
 .debug_info    0x00000000      0x1d2 ./obj/wdog.o
 .debug_abbrev  0x00000000       0xf3 ./obj/wdog.o
 .debug_aranges
                0x00000000       0x30 ./obj/wdog.o
 .debug_ranges  0x00000000       0x20 ./obj/wdog.o
 .debug_macro   0x00000000       0xfb ./obj/wdog.o
 .debug_macro   0x00000000      0xa5a ./obj/wdog.o
 .debug_macro   0x00000000       0x4c ./obj/wdog.o
 .debug_macro   0x00000000       0x2e ./obj/wdog.o
 .debug_macro   0x00000000       0x28 ./obj/wdog.o
 .debug_macro   0x00000000       0x22 ./obj/wdog.o
 .debug_macro   0x00000000       0x87 ./obj/wdog.o
 .debug_macro   0x00000000       0x51 ./obj/wdog.o
 .debug_macro   0x00000000       0xef ./obj/wdog.o
 .debug_macro   0x00000000       0x6a ./obj/wdog.o
 .debug_macro   0x00000000      0x1df ./obj/wdog.o
 .debug_macro   0x00000000       0x1c ./obj/wdog.o
 .debug_macro   0x00000000       0x22 ./obj/wdog.o
 .debug_macro   0x00000000       0xd8 ./obj/wdog.o
 .debug_macro   0x00000000     0x1018 ./obj/wdog.o
 .debug_macro   0x00000000    0x150d6 ./obj/wdog.o
 .debug_macro   0x00000000       0x43 ./obj/wdog.o
 .debug_macro   0x00000000       0x34 ./obj/wdog.o
 .debug_macro   0x00000000       0x3a ./obj/wdog.o
 .debug_macro   0x00000000       0x1c ./obj/wdog.o
 .debug_line    0x00000000      0x33b ./obj/wdog.o
 .debug_str     0x00000000    0x7e233 ./obj/wdog.o
 .comment       0x00000000       0x7f ./obj/wdog.o
 .debug_frame   0x00000000       0x40 ./obj/wdog.o
 .ARM.attributes
                0x00000000       0x39 ./obj/wdog.o
 .group         0x00000000        0xc ./obj/spi.o
 .group         0x00000000        0xc ./obj/spi.o
 .group         0x00000000        0xc ./obj/spi.o
 .group         0x00000000        0xc ./obj/spi.o
 .group         0x00000000        0xc ./obj/spi.o
 .group         0x00000000        0xc ./obj/spi.o
 .group         0x00000000        0xc ./obj/spi.o
 .group         0x00000000        0xc ./obj/spi.o
 .group         0x00000000        0xc ./obj/spi.o
 .group         0x00000000        0xc ./obj/spi.o
 .group         0x00000000        0xc ./obj/spi.o
 .group         0x00000000        0xc ./obj/spi.o
 .group         0x00000000        0xc ./obj/spi.o
 .group         0x00000000        0xc ./obj/spi.o
 .group         0x00000000        0xc ./obj/spi.o
 .group         0x00000000        0xc ./obj/spi.o
 .group         0x00000000        0xc ./obj/spi.o
 .group         0x00000000        0xc ./obj/spi.o
 .group         0x00000000        0xc ./obj/spi.o
 .group         0x00000000        0xc ./obj/spi.o
 .group         0x00000000        0xc ./obj/spi.o
 .group         0x00000000        0xc ./obj/spi.o
 .group         0x00000000        0xc ./obj/spi.o
 .group         0x00000000        0xc ./obj/spi.o
 .group         0x00000000        0xc ./obj/spi.o
 .group         0x00000000        0xc ./obj/spi.o
 .group         0x00000000        0xc ./obj/spi.o
 .group         0x00000000        0xc ./obj/spi.o
 .group         0x00000000        0xc ./obj/spi.o
 .group         0x00000000        0xc ./obj/spi.o
 .group         0x00000000        0xc ./obj/spi.o
 .text          0x00000000        0x0 ./obj/spi.o
 .data          0x00000000        0x0 ./obj/spi.o
 .bss           0x00000000        0x0 ./obj/spi.o
 .text.spi_init
                0x00000000      0x14c ./obj/spi.o
 .text.spi_send1
                0x00000000       0x88 ./obj/spi.o
 .text.spi_sendN
                0x00000000       0x36 ./obj/spi.o
 .text.spi_receive1
                0x00000000       0x50 ./obj/spi.o
 .text.spi_receiveN
                0x00000000       0x36 ./obj/spi.o
 .text.spi_enable_re_int
                0x00000000       0x38 ./obj/spi.o
 .text.spi_disable_re_int
                0x00000000       0x44 ./obj/spi.o
 .data.SPI_ARR  0x00000000        0xc ./obj/spi.o
 .data.table_irq_spi
                0x00000000        0x3 ./obj/spi.o
 .debug_info    0x00000000     0x1281 ./obj/spi.o
 .debug_abbrev  0x00000000      0x31a ./obj/spi.o
 .debug_loc     0x00000000      0x41e ./obj/spi.o
 .debug_aranges
                0x00000000       0x50 ./obj/spi.o
 .debug_ranges  0x00000000       0x40 ./obj/spi.o
 .debug_macro   0x00000000      0x1bd ./obj/spi.o
 .debug_macro   0x00000000      0xa5a ./obj/spi.o
 .debug_macro   0x00000000       0x2e ./obj/spi.o
 .debug_macro   0x00000000       0x28 ./obj/spi.o
 .debug_macro   0x00000000       0x22 ./obj/spi.o
 .debug_macro   0x00000000       0x87 ./obj/spi.o
 .debug_macro   0x00000000       0x51 ./obj/spi.o
 .debug_macro   0x00000000       0xef ./obj/spi.o
 .debug_macro   0x00000000       0x6a ./obj/spi.o
 .debug_macro   0x00000000      0x1df ./obj/spi.o
 .debug_macro   0x00000000       0x1c ./obj/spi.o
 .debug_macro   0x00000000       0x22 ./obj/spi.o
 .debug_macro   0x00000000       0xd8 ./obj/spi.o
 .debug_macro   0x00000000     0x1018 ./obj/spi.o
 .debug_macro   0x00000000    0x150d6 ./obj/spi.o
 .debug_macro   0x00000000       0x43 ./obj/spi.o
 .debug_macro   0x00000000       0x34 ./obj/spi.o
 .debug_macro   0x00000000       0x3a ./obj/spi.o
 .debug_macro   0x00000000       0x46 ./obj/spi.o
 .debug_macro   0x00000000       0x17 ./obj/spi.o
 .debug_macro   0x00000000       0x3c ./obj/spi.o
 .debug_macro   0x00000000       0x9c ./obj/spi.o
 .debug_macro   0x00000000      0x174 ./obj/spi.o
 .debug_macro   0x00000000       0x52 ./obj/spi.o
 .debug_macro   0x00000000       0x1f ./obj/spi.o
 .debug_macro   0x00000000       0x43 ./obj/spi.o
 .debug_macro   0x00000000       0x20 ./obj/spi.o
 .debug_macro   0x00000000      0x1a3 ./obj/spi.o
 .debug_macro   0x00000000      0x32a ./obj/spi.o
 .debug_macro   0x00000000       0x10 ./obj/spi.o
 .debug_macro   0x00000000       0x35 ./obj/spi.o
 .debug_macro   0x00000000       0x22 ./obj/spi.o
 .debug_line    0x00000000      0x510 ./obj/spi.o
 .debug_str     0x00000000    0x81abd ./obj/spi.o
 .comment       0x00000000       0x7f ./obj/spi.o
 .debug_frame   0x00000000       0xdc ./obj/spi.o
 .ARM.attributes
                0x00000000       0x39 ./obj/spi.o
 .group         0x00000000        0xc ./obj/gec.o
 .group         0x00000000        0xc ./obj/gec.o
 .group         0x00000000        0xc ./obj/gec.o
 .group         0x00000000        0xc ./obj/gec.o
 .group         0x00000000        0xc ./obj/gec.o
 .group         0x00000000        0xc ./obj/gec.o
 .group         0x00000000        0xc ./obj/gec.o
 .group         0x00000000        0xc ./obj/gec.o
 .group         0x00000000        0xc ./obj/gec.o
 .group         0x00000000        0xc ./obj/gec.o
 .group         0x00000000        0xc ./obj/gec.o
 .group         0x00000000        0xc ./obj/gec.o
 .group         0x00000000        0xc ./obj/gec.o
 .group         0x00000000        0xc ./obj/gec.o
 .group         0x00000000        0xc ./obj/gec.o
 .group         0x00000000        0xc ./obj/gec.o
 .group         0x00000000        0xc ./obj/gec.o
 .group         0x00000000        0xc ./obj/gec.o
 .group         0x00000000        0xc ./obj/gec.o
 .group         0x00000000        0xc ./obj/gec.o
 .group         0x00000000        0xc ./obj/gec.o
 .group         0x00000000        0xc ./obj/gec.o
 .group         0x00000000        0xc ./obj/gec.o
 .group         0x00000000        0xc ./obj/gec.o
 .group         0x00000000        0xc ./obj/gec.o
 .group         0x00000000        0xc ./obj/gec.o
 .group         0x00000000        0xc ./obj/gec.o
 .group         0x00000000        0xc ./obj/gec.o
 .group         0x00000000        0xc ./obj/gec.o
 .group         0x00000000        0xc ./obj/gec.o
 .group         0x00000000        0xc ./obj/gec.o
 .group         0x00000000        0xc ./obj/gec.o
 .group         0x00000000        0xc ./obj/gec.o
 .group         0x00000000        0xc ./obj/gec.o
 .group         0x00000000        0xc ./obj/gec.o
 .text          0x00000000        0x0 ./obj/gec.o
 .data          0x00000000        0x0 ./obj/gec.o
 .bss           0x00000000        0x0 ./obj/gec.o
 .debug_macro   0x00000000      0xa5a ./obj/gec.o
 .debug_macro   0x00000000       0x2e ./obj/gec.o
 .debug_macro   0x00000000       0x28 ./obj/gec.o
 .debug_macro   0x00000000       0x22 ./obj/gec.o
 .debug_macro   0x00000000       0x87 ./obj/gec.o
 .debug_macro   0x00000000       0x51 ./obj/gec.o
 .debug_macro   0x00000000       0xef ./obj/gec.o
 .debug_macro   0x00000000       0x6a ./obj/gec.o
 .debug_macro   0x00000000      0x1df ./obj/gec.o
 .debug_macro   0x00000000       0x1c ./obj/gec.o
 .debug_macro   0x00000000       0x22 ./obj/gec.o
 .debug_macro   0x00000000       0xd8 ./obj/gec.o
 .debug_macro   0x00000000     0x1018 ./obj/gec.o
 .debug_macro   0x00000000    0x150d6 ./obj/gec.o
 .debug_macro   0x00000000       0x43 ./obj/gec.o
 .debug_macro   0x00000000       0x34 ./obj/gec.o
 .debug_macro   0x00000000       0x3a ./obj/gec.o
 .debug_macro   0x00000000       0x46 ./obj/gec.o
 .debug_macro   0x00000000       0x17 ./obj/gec.o
 .debug_macro   0x00000000       0x3c ./obj/gec.o
 .debug_macro   0x00000000       0x9c ./obj/gec.o
 .debug_macro   0x00000000      0x174 ./obj/gec.o
 .debug_macro   0x00000000       0x52 ./obj/gec.o
 .debug_macro   0x00000000       0x1f ./obj/gec.o
 .debug_macro   0x00000000       0x43 ./obj/gec.o
 .debug_macro   0x00000000       0x20 ./obj/gec.o
 .debug_macro   0x00000000      0x1a3 ./obj/gec.o
 .debug_macro   0x00000000      0x32a ./obj/gec.o
 .debug_macro   0x00000000       0x10 ./obj/gec.o
 .debug_macro   0x00000000       0x35 ./obj/gec.o
 .debug_macro   0x00000000       0x28 ./obj/gec.o
 .debug_macro   0x00000000       0x3a ./obj/gec.o
 .group         0x00000000        0xc ./obj/uart.o
 .group         0x00000000        0xc ./obj/uart.o
 .group         0x00000000        0xc ./obj/uart.o
 .group         0x00000000        0xc ./obj/uart.o
 .group         0x00000000        0xc ./obj/uart.o
 .group         0x00000000        0xc ./obj/uart.o
 .group         0x00000000        0xc ./obj/uart.o
 .group         0x00000000        0xc ./obj/uart.o
 .group         0x00000000        0xc ./obj/uart.o
 .group         0x00000000        0xc ./obj/uart.o
 .group         0x00000000        0xc ./obj/uart.o
 .group         0x00000000        0xc ./obj/uart.o
 .group         0x00000000        0xc ./obj/uart.o
 .group         0x00000000        0xc ./obj/uart.o
 .group         0x00000000        0xc ./obj/uart.o
 .group         0x00000000        0xc ./obj/uart.o
 .group         0x00000000        0xc ./obj/uart.o
 .group         0x00000000        0xc ./obj/uart.o
 .group         0x00000000        0xc ./obj/uart.o
 .group         0x00000000        0xc ./obj/uart.o
 .group         0x00000000        0xc ./obj/uart.o
 .group         0x00000000        0xc ./obj/uart.o
 .group         0x00000000        0xc ./obj/uart.o
 .group         0x00000000        0xc ./obj/uart.o
 .group         0x00000000        0xc ./obj/uart.o
 .group         0x00000000        0xc ./obj/uart.o
 .group         0x00000000        0xc ./obj/uart.o
 .group         0x00000000        0xc ./obj/uart.o
 .group         0x00000000        0xc ./obj/uart.o
 .group         0x00000000        0xc ./obj/uart.o
 .group         0x00000000        0xc ./obj/uart.o
 .text          0x00000000        0x0 ./obj/uart.o
 .data          0x00000000        0x0 ./obj/uart.o
 .bss           0x00000000        0x0 ./obj/uart.o
 .text.uart_init
                0x00000000      0x14c ./obj/uart.o
 .text.uart_sendN
                0x00000000       0x34 ./obj/uart.o
 .text.uart_send_string
                0x00000000       0x2a ./obj/uart.o
 .text.uart_reN
                0x00000000       0x48 ./obj/uart.o
 .text.uart_enable_re_int
                0x00000000       0x40 ./obj/uart.o
 .text.uart_disable_re_int
                0x00000000       0x4c ./obj/uart.o
 .text.uart_get_re_int
                0x00000000       0x38 ./obj/uart.o
 .text.uart_deinit
                0x00000000       0x98 ./obj/uart.o
 .data.table_irq_uart
                0x00000000        0x3 ./obj/uart.o
 .debug_macro   0x00000000      0xa5a ./obj/uart.o
 .debug_macro   0x00000000       0x2e ./obj/uart.o
 .debug_macro   0x00000000       0x28 ./obj/uart.o
 .debug_macro   0x00000000       0x22 ./obj/uart.o
 .debug_macro   0x00000000       0x87 ./obj/uart.o
 .debug_macro   0x00000000       0x51 ./obj/uart.o
 .debug_macro   0x00000000       0xef ./obj/uart.o
 .debug_macro   0x00000000       0x6a ./obj/uart.o
 .debug_macro   0x00000000      0x1df ./obj/uart.o
 .debug_macro   0x00000000       0x1c ./obj/uart.o
 .debug_macro   0x00000000       0x22 ./obj/uart.o
 .debug_macro   0x00000000       0xd8 ./obj/uart.o
 .debug_macro   0x00000000     0x1018 ./obj/uart.o
 .debug_macro   0x00000000    0x150d6 ./obj/uart.o
 .debug_macro   0x00000000       0x43 ./obj/uart.o
 .debug_macro   0x00000000       0x34 ./obj/uart.o
 .debug_macro   0x00000000       0x3a ./obj/uart.o
 .debug_macro   0x00000000       0x46 ./obj/uart.o
 .debug_macro   0x00000000       0x17 ./obj/uart.o
 .debug_macro   0x00000000       0x3c ./obj/uart.o
 .debug_macro   0x00000000       0x9c ./obj/uart.o
 .debug_macro   0x00000000      0x174 ./obj/uart.o
 .debug_macro   0x00000000       0x52 ./obj/uart.o
 .debug_macro   0x00000000       0x1f ./obj/uart.o
 .debug_macro   0x00000000       0x43 ./obj/uart.o
 .debug_macro   0x00000000       0x20 ./obj/uart.o
 .debug_macro   0x00000000      0x1a3 ./obj/uart.o
 .debug_macro   0x00000000      0x32a ./obj/uart.o
 .debug_macro   0x00000000       0x10 ./obj/uart.o
 .debug_macro   0x00000000       0x35 ./obj/uart.o
 .debug_macro   0x00000000       0x28 ./obj/uart.o
 .group         0x00000000        0xc ./obj/lcd.o
 .group         0x00000000        0xc ./obj/lcd.o
 .group         0x00000000        0xc ./obj/lcd.o
 .group         0x00000000        0xc ./obj/lcd.o
 .group         0x00000000        0xc ./obj/lcd.o
 .group         0x00000000        0xc ./obj/lcd.o
 .group         0x00000000        0xc ./obj/lcd.o
 .group         0x00000000        0xc ./obj/lcd.o
 .group         0x00000000        0xc ./obj/lcd.o
 .group         0x00000000        0xc ./obj/lcd.o
 .group         0x00000000        0xc ./obj/lcd.o
 .group         0x00000000        0xc ./obj/lcd.o
 .group         0x00000000        0xc ./obj/lcd.o
 .group         0x00000000        0xc ./obj/lcd.o
 .group         0x00000000        0xc ./obj/lcd.o
 .group         0x00000000        0xc ./obj/lcd.o
 .group         0x00000000        0xc ./obj/lcd.o
 .group         0x00000000        0xc ./obj/lcd.o
 .group         0x00000000        0xc ./obj/lcd.o
 .group         0x00000000        0xc ./obj/lcd.o
 .group         0x00000000        0xc ./obj/lcd.o
 .group         0x00000000        0xc ./obj/lcd.o
 .group         0x00000000        0xc ./obj/lcd.o
 .group         0x00000000        0xc ./obj/lcd.o
 .group         0x00000000        0xc ./obj/lcd.o
 .group         0x00000000        0xc ./obj/lcd.o
 .group         0x00000000        0xc ./obj/lcd.o
 .group         0x00000000        0xc ./obj/lcd.o
 .group         0x00000000        0xc ./obj/lcd.o
 .group         0x00000000        0xc ./obj/lcd.o
 .group         0x00000000        0xc ./obj/lcd.o
 .group         0x00000000        0xc ./obj/lcd.o
 .group         0x00000000        0xc ./obj/lcd.o
 .group         0x00000000        0xc ./obj/lcd.o
 .group         0x00000000        0xc ./obj/lcd.o
 .group         0x00000000        0xc ./obj/lcd.o
 .group         0x00000000        0xc ./obj/lcd.o
 .group         0x00000000        0xc ./obj/lcd.o
 .text          0x00000000        0x0 ./obj/lcd.o
 .data          0x00000000        0x0 ./obj/lcd.o
 .bss           0x00000000        0x0 ./obj/lcd.o
 .text.mypow    0x00000000       0x16 ./obj/lcd.o
 .text.LCD_WR_DATA8
                0x00000000       0x2c ./obj/lcd.o
 .text.LCD_WR_DATA
                0x00000000       0x34 ./obj/lcd.o
 .text.LCD_WR_REG
                0x00000000       0x2c ./obj/lcd.o
 .text.LCD_WR_REG_DATA
                0x00000000       0x14 ./obj/lcd.o
 .text.Address_set
                0x00000000       0x4e ./obj/lcd.o
 .text.LCD_Clear
                0x00000000       0x38 ./obj/lcd.o
 .text.LCD_Init
                0x00000000       0xe8 ./obj/lcd.o
 .text.LCD_DrawPoint
                0x00000000       0x14 ./obj/lcd.o
 .text.LCD_DrawCircle
                0x00000000       0xe2 ./obj/lcd.o
 .text.LCD_DrawLine
                0x00000000       0xa6 ./obj/lcd.o
 .text.LCD_DrawRectangle
                0x00000000       0x4a ./obj/lcd.o
 .text.LCD_ShowCharactor
                0x00000000       0x50 ./obj/lcd.o
 .text.LCD_ShowString
                0x00000000      0x104 ./obj/lcd.o
 .text.LCD_showScreen_string
                0x00000000       0x20 ./obj/lcd.o
 .text.LCD_showScreen_digital
                0x00000000       0x9c ./obj/lcd.o
 .text.LCD_DrawSurface
                0x00000000       0x34 ./obj/lcd.o
 .text.LCD_DrawPoint_big
                0x00000000       0x1e ./obj/lcd.o
 .text.LCD_aotu
                0x00000000       0xea ./obj/lcd.o
 .text.LCD_showTitle
                0x00000000       0x40 ./obj/lcd.o
 .rodata.GB_16  0x00000000       0x66 ./obj/lcd.o
 .rodata.cmdA   0x00000000        0xf ./obj/lcd.o
 .rodata.cmdB   0x00000000        0xf ./obj/lcd.o
 .rodata.cmdC   0x00000000        0x4 ./obj/lcd.o
 .rodata.nAsciiDot
                0x00000000      0x600 ./obj/lcd.o
 .debug_info    0x00000000     0x1c40 ./obj/lcd.o
 .debug_abbrev  0x00000000      0x30a ./obj/lcd.o
 .debug_loc     0x00000000      0xc06 ./obj/lcd.o
 .debug_aranges
                0x00000000       0xb8 ./obj/lcd.o
 .debug_ranges  0x00000000       0xa8 ./obj/lcd.o
 .debug_macro   0x00000000      0x222 ./obj/lcd.o
 .debug_macro   0x00000000      0xa5a ./obj/lcd.o
 .debug_macro   0x00000000       0x2e ./obj/lcd.o
 .debug_macro   0x00000000       0x28 ./obj/lcd.o
 .debug_macro   0x00000000       0x22 ./obj/lcd.o
 .debug_macro   0x00000000       0x87 ./obj/lcd.o
 .debug_macro   0x00000000       0x51 ./obj/lcd.o
 .debug_macro   0x00000000       0xef ./obj/lcd.o
 .debug_macro   0x00000000       0x6a ./obj/lcd.o
 .debug_macro   0x00000000      0x1df ./obj/lcd.o
 .debug_macro   0x00000000       0x1c ./obj/lcd.o
 .debug_macro   0x00000000       0x22 ./obj/lcd.o
 .debug_macro   0x00000000       0xd8 ./obj/lcd.o
 .debug_macro   0x00000000     0x1018 ./obj/lcd.o
 .debug_macro   0x00000000    0x150d6 ./obj/lcd.o
 .debug_macro   0x00000000       0x43 ./obj/lcd.o
 .debug_macro   0x00000000       0x34 ./obj/lcd.o
 .debug_macro   0x00000000       0x3a ./obj/lcd.o
 .debug_macro   0x00000000       0x64 ./obj/lcd.o
 .debug_macro   0x00000000       0x46 ./obj/lcd.o
 .debug_macro   0x00000000       0x17 ./obj/lcd.o
 .debug_macro   0x00000000       0x3c ./obj/lcd.o
 .debug_macro   0x00000000       0x9c ./obj/lcd.o
 .debug_macro   0x00000000      0x174 ./obj/lcd.o
 .debug_macro   0x00000000       0x52 ./obj/lcd.o
 .debug_macro   0x00000000       0x1f ./obj/lcd.o
 .debug_macro   0x00000000       0x43 ./obj/lcd.o
 .debug_macro   0x00000000       0x20 ./obj/lcd.o
 .debug_macro   0x00000000      0x1a3 ./obj/lcd.o
 .debug_macro   0x00000000      0x32a ./obj/lcd.o
 .debug_macro   0x00000000       0x10 ./obj/lcd.o
 .debug_macro   0x00000000       0x35 ./obj/lcd.o
 .debug_macro   0x00000000       0x28 ./obj/lcd.o
 .debug_macro   0x00000000       0x9a ./obj/lcd.o
 .debug_macro   0x00000000       0x3a ./obj/lcd.o
 .debug_macro   0x00000000       0xd0 ./obj/lcd.o
 .debug_macro   0x00000000       0x34 ./obj/lcd.o
 .debug_macro   0x00000000       0x28 ./obj/lcd.o
 .debug_macro   0x00000000       0xec ./obj/lcd.o
 .debug_line    0x00000000      0x82e ./obj/lcd.o
 .debug_str     0x00000000    0x8274d ./obj/lcd.o
 .comment       0x00000000       0x7f ./obj/lcd.o
 .debug_frame   0x00000000      0x298 ./obj/lcd.o
 .ARM.attributes
                0x00000000       0x39 ./obj/lcd.o
 COMMON         0x00000000        0x4 ./obj/lcd.o
 .group         0x00000000        0xc ./obj/system_stm32l4xx.o
 .group         0x00000000        0xc ./obj/system_stm32l4xx.o
 .group         0x00000000        0xc ./obj/system_stm32l4xx.o
 .group         0x00000000        0xc ./obj/system_stm32l4xx.o
 .group         0x00000000        0xc ./obj/system_stm32l4xx.o
 .group         0x00000000        0xc ./obj/system_stm32l4xx.o
 .group         0x00000000        0xc ./obj/system_stm32l4xx.o
 .group         0x00000000        0xc ./obj/system_stm32l4xx.o
 .group         0x00000000        0xc ./obj/system_stm32l4xx.o
 .group         0x00000000        0xc ./obj/system_stm32l4xx.o
 .group         0x00000000        0xc ./obj/system_stm32l4xx.o
 .group         0x00000000        0xc ./obj/system_stm32l4xx.o
 .group         0x00000000        0xc ./obj/system_stm32l4xx.o
 .group         0x00000000        0xc ./obj/system_stm32l4xx.o
 .group         0x00000000        0xc ./obj/system_stm32l4xx.o
 .text          0x00000000        0x0 ./obj/system_stm32l4xx.o
 .data          0x00000000        0x0 ./obj/system_stm32l4xx.o
 .bss           0x00000000        0x0 ./obj/system_stm32l4xx.o
 .text.SystemCoreClockUpdate
                0x00000000       0xd8 ./obj/system_stm32l4xx.o
 .data.SystemCoreClock
                0x00000000        0x4 ./obj/system_stm32l4xx.o
 .rodata.AHBPrescTable
                0x00000000       0x10 ./obj/system_stm32l4xx.o
 .rodata.APBPrescTable
                0x00000000        0x8 ./obj/system_stm32l4xx.o
 .rodata.MSIRangeTable
                0x00000000       0x30 ./obj/system_stm32l4xx.o
 .debug_macro   0x00000000      0xa5a ./obj/system_stm32l4xx.o
 .debug_macro   0x00000000       0x2e ./obj/system_stm32l4xx.o
 .debug_macro   0x00000000       0x28 ./obj/system_stm32l4xx.o
 .debug_macro   0x00000000       0x22 ./obj/system_stm32l4xx.o
 .debug_macro   0x00000000       0x87 ./obj/system_stm32l4xx.o
 .debug_macro   0x00000000       0x51 ./obj/system_stm32l4xx.o
 .debug_macro   0x00000000       0xef ./obj/system_stm32l4xx.o
 .debug_macro   0x00000000       0x6a ./obj/system_stm32l4xx.o
 .debug_macro   0x00000000      0x1df ./obj/system_stm32l4xx.o
 .debug_macro   0x00000000       0x1c ./obj/system_stm32l4xx.o
 .debug_macro   0x00000000       0x22 ./obj/system_stm32l4xx.o
 .debug_macro   0x00000000       0xd8 ./obj/system_stm32l4xx.o
 .debug_macro   0x00000000     0x1018 ./obj/system_stm32l4xx.o
 .debug_macro   0x00000000    0x150d6 ./obj/system_stm32l4xx.o
 .debug_macro   0x00000000       0x43 ./obj/system_stm32l4xx.o
 .group         0x00000000        0xc ./obj/printf.o
 .group         0x00000000        0xc ./obj/printf.o
 .group         0x00000000        0xc ./obj/printf.o
 .group         0x00000000        0xc ./obj/printf.o
 .group         0x00000000        0xc ./obj/printf.o
 .group         0x00000000        0xc ./obj/printf.o
 .group         0x00000000        0xc ./obj/printf.o
 .group         0x00000000        0xc ./obj/printf.o
 .group         0x00000000        0xc ./obj/printf.o
 .group         0x00000000        0xc ./obj/printf.o
 .group         0x00000000        0xc ./obj/printf.o
 .group         0x00000000        0xc ./obj/printf.o
 .group         0x00000000        0xc ./obj/printf.o
 .group         0x00000000        0xc ./obj/printf.o
 .group         0x00000000        0xc ./obj/printf.o
 .group         0x00000000        0xc ./obj/printf.o
 .group         0x00000000        0xc ./obj/printf.o
 .group         0x00000000        0xc ./obj/printf.o
 .group         0x00000000        0xc ./obj/printf.o
 .group         0x00000000        0xc ./obj/printf.o
 .group         0x00000000        0xc ./obj/printf.o
 .group         0x00000000        0xc ./obj/printf.o
 .group         0x00000000        0xc ./obj/printf.o
 .group         0x00000000        0xc ./obj/printf.o
 .group         0x00000000        0xc ./obj/printf.o
 .group         0x00000000        0xc ./obj/printf.o
 .group         0x00000000        0xc ./obj/printf.o
 .group         0x00000000        0xc ./obj/printf.o
 .group         0x00000000        0xc ./obj/printf.o
 .group         0x00000000        0xc ./obj/printf.o
 .group         0x00000000        0xc ./obj/printf.o
 .group         0x00000000        0xc ./obj/printf.o
 .text          0x00000000        0x0 ./obj/printf.o
 .data          0x00000000        0x0 ./obj/printf.o
 .bss           0x00000000        0x0 ./obj/printf.o
 .debug_macro   0x00000000      0xa5a ./obj/printf.o
 .debug_macro   0x00000000       0x2e ./obj/printf.o
 .debug_macro   0x00000000       0x28 ./obj/printf.o
 .debug_macro   0x00000000       0x22 ./obj/printf.o
 .debug_macro   0x00000000       0x87 ./obj/printf.o
 .debug_macro   0x00000000       0x51 ./obj/printf.o
 .debug_macro   0x00000000       0xef ./obj/printf.o
 .debug_macro   0x00000000       0x6a ./obj/printf.o
 .debug_macro   0x00000000      0x1df ./obj/printf.o
 .debug_macro   0x00000000       0x1c ./obj/printf.o
 .debug_macro   0x00000000       0x22 ./obj/printf.o
 .debug_macro   0x00000000       0xd8 ./obj/printf.o
 .debug_macro   0x00000000     0x1018 ./obj/printf.o
 .debug_macro   0x00000000    0x150d6 ./obj/printf.o
 .debug_macro   0x00000000       0x43 ./obj/printf.o
 .debug_macro   0x00000000       0x34 ./obj/printf.o
 .debug_macro   0x00000000       0x3a ./obj/printf.o
 .debug_macro   0x00000000       0x46 ./obj/printf.o
 .debug_macro   0x00000000       0x17 ./obj/printf.o
 .debug_macro   0x00000000       0x3c ./obj/printf.o
 .debug_macro   0x00000000       0x9c ./obj/printf.o
 .debug_macro   0x00000000      0x174 ./obj/printf.o
 .debug_macro   0x00000000       0x52 ./obj/printf.o
 .debug_macro   0x00000000       0x1f ./obj/printf.o
 .debug_macro   0x00000000       0x43 ./obj/printf.o
 .debug_macro   0x00000000       0x20 ./obj/printf.o
 .debug_macro   0x00000000      0x1a3 ./obj/printf.o
 .debug_macro   0x00000000      0x32a ./obj/printf.o
 .debug_macro   0x00000000       0x10 ./obj/printf.o
 .debug_macro   0x00000000       0x35 ./obj/printf.o
 .debug_macro   0x00000000       0x28 ./obj/printf.o
 .debug_macro   0x00000000       0x9a ./obj/printf.o
 .text          0x00000000       0x78 ./obj/bubbleSort.o
 .data          0x00000000        0x0 ./obj/bubbleSort.o
 .bss           0x00000000        0x0 ./obj/bubbleSort.o
 .debug_line    0x00000000       0x7d ./obj/bubbleSort.o
 .debug_info    0x00000000       0x26 ./obj/bubbleSort.o
 .debug_abbrev  0x00000000       0x14 ./obj/bubbleSort.o
 .debug_aranges
                0x00000000       0x20 ./obj/bubbleSort.o
 .debug_str     0x00000000       0x5c ./obj/bubbleSort.o
 .ARM.attributes
                0x00000000       0x25 ./obj/bubbleSort.o
 .text          0x00000000       0x14 ./obj/startup_stm32l431rctx.o
 .data          0x00000000        0x0 ./obj/startup_stm32l431rctx.o
 .bss           0x00000000        0x0 ./obj/startup_stm32l431rctx.o
 .bss           0x00000000        0x0 ./obj/main.o
 .data          0x00000000        0x0 ./obj/gpio.o
 .bss           0x00000000        0x0 ./obj/gpio.o
 .data          0x00000000        0x0 ./obj/selectionSort.o
 .bss           0x00000000        0x0 ./obj/selectionSort.o
 .data          0x00000000        0x0 ./obj/isr.o
 .bss           0x00000000        0x0 ./obj/isr.o
 .text          0x00000000        0x0 d:/ahl-gec-ide(4.45)/gcc/bin/../lib/gcc/arm-none-eabi/7.2.1/../../../../arm-none-eabi/lib/thumb/v7e-m/fpv4-sp/hard\libc_nano.a(lib_a-exit.o)
 .data          0x00000000        0x0 d:/ahl-gec-ide(4.45)/gcc/bin/../lib/gcc/arm-none-eabi/7.2.1/../../../../arm-none-eabi/lib/thumb/v7e-m/fpv4-sp/hard\libc_nano.a(lib_a-exit.o)
 .bss           0x00000000        0x0 d:/ahl-gec-ide(4.45)/gcc/bin/../lib/gcc/arm-none-eabi/7.2.1/../../../../arm-none-eabi/lib/thumb/v7e-m/fpv4-sp/hard\libc_nano.a(lib_a-exit.o)
 .text.exit     0x00000000       0x28 d:/ahl-gec-ide(4.45)/gcc/bin/../lib/gcc/arm-none-eabi/7.2.1/../../../../arm-none-eabi/lib/thumb/v7e-m/fpv4-sp/hard\libc_nano.a(lib_a-exit.o)
 .debug_frame   0x00000000       0x28 d:/ahl-gec-ide(4.45)/gcc/bin/../lib/gcc/arm-none-eabi/7.2.1/../../../../arm-none-eabi/lib/thumb/v7e-m/fpv4-sp/hard\libc_nano.a(lib_a-exit.o)
 .ARM.attributes
                0x00000000       0x34 d:/ahl-gec-ide(4.45)/gcc/bin/../lib/gcc/arm-none-eabi/7.2.1/../../../../arm-none-eabi/lib/thumb/v7e-m/fpv4-sp/hard\libc_nano.a(lib_a-exit.o)
 .text          0x00000000        0x0 d:/ahl-gec-ide(4.45)/gcc/bin/../lib/gcc/arm-none-eabi/7.2.1/../../../../arm-none-eabi/lib/thumb/v7e-m/fpv4-sp/hard\libc_nano.a(lib_a-impure.o)
 .data          0x00000000        0x0 d:/ahl-gec-ide(4.45)/gcc/bin/../lib/gcc/arm-none-eabi/7.2.1/../../../../arm-none-eabi/lib/thumb/v7e-m/fpv4-sp/hard\libc_nano.a(lib_a-impure.o)
 .bss           0x00000000        0x0 d:/ahl-gec-ide(4.45)/gcc/bin/../lib/gcc/arm-none-eabi/7.2.1/../../../../arm-none-eabi/lib/thumb/v7e-m/fpv4-sp/hard\libc_nano.a(lib_a-impure.o)
 .data._impure_ptr
                0x00000000        0x4 d:/ahl-gec-ide(4.45)/gcc/bin/../lib/gcc/arm-none-eabi/7.2.1/../../../../arm-none-eabi/lib/thumb/v7e-m/fpv4-sp/hard\libc_nano.a(lib_a-impure.o)
 .data.impure_data
                0x00000000       0x60 d:/ahl-gec-ide(4.45)/gcc/bin/../lib/gcc/arm-none-eabi/7.2.1/../../../../arm-none-eabi/lib/thumb/v7e-m/fpv4-sp/hard\libc_nano.a(lib_a-impure.o)
 .rodata._global_impure_ptr
                0x00000000        0x4 d:/ahl-gec-ide(4.45)/gcc/bin/../lib/gcc/arm-none-eabi/7.2.1/../../../../arm-none-eabi/lib/thumb/v7e-m/fpv4-sp/hard\libc_nano.a(lib_a-impure.o)
 .ARM.attributes
                0x00000000       0x34 d:/ahl-gec-ide(4.45)/gcc/bin/../lib/gcc/arm-none-eabi/7.2.1/../../../../arm-none-eabi/lib/thumb/v7e-m/fpv4-sp/hard\libc_nano.a(lib_a-impure.o)
 .text          0x00000000        0x0 d:/ahl-gec-ide(4.45)/gcc/bin/../lib/gcc/arm-none-eabi/7.2.1/../../../../arm-none-eabi/lib/thumb/v7e-m/fpv4-sp/hard\libc_nano.a(lib_a-init.o)
 .data          0x00000000        0x0 d:/ahl-gec-ide(4.45)/gcc/bin/../lib/gcc/arm-none-eabi/7.2.1/../../../../arm-none-eabi/lib/thumb/v7e-m/fpv4-sp/hard\libc_nano.a(lib_a-init.o)
 .bss           0x00000000        0x0 d:/ahl-gec-ide(4.45)/gcc/bin/../lib/gcc/arm-none-eabi/7.2.1/../../../../arm-none-eabi/lib/thumb/v7e-m/fpv4-sp/hard\libc_nano.a(lib_a-init.o)
 .text          0x00000000        0x0 d:/ahl-gec-ide(4.45)/gcc/bin/../lib/gcc/arm-none-eabi/7.2.1/../../../../arm-none-eabi/lib/thumb/v7e-m/fpv4-sp/hard\libc_nano.a(lib_a-memcpy-stub.o)
 .data          0x00000000        0x0 d:/ahl-gec-ide(4.45)/gcc/bin/../lib/gcc/arm-none-eabi/7.2.1/../../../../arm-none-eabi/lib/thumb/v7e-m/fpv4-sp/hard\libc_nano.a(lib_a-memcpy-stub.o)
 .bss           0x00000000        0x0 d:/ahl-gec-ide(4.45)/gcc/bin/../lib/gcc/arm-none-eabi/7.2.1/../../../../arm-none-eabi/lib/thumb/v7e-m/fpv4-sp/hard\libc_nano.a(lib_a-memcpy-stub.o)
 .text          0x00000000        0x0 d:/ahl-gec-ide(4.45)/gcc/bin/../lib/gcc/arm-none-eabi/7.2.1/../../../../arm-none-eabi/lib/thumb/v7e-m/fpv4-sp/hard\libc_nano.a(lib_a-memset.o)
 .data          0x00000000        0x0 d:/ahl-gec-ide(4.45)/gcc/bin/../lib/gcc/arm-none-eabi/7.2.1/../../../../arm-none-eabi/lib/thumb/v7e-m/fpv4-sp/hard\libc_nano.a(lib_a-memset.o)
 .bss           0x00000000        0x0 d:/ahl-gec-ide(4.45)/gcc/bin/../lib/gcc/arm-none-eabi/7.2.1/../../../../arm-none-eabi/lib/thumb/v7e-m/fpv4-sp/hard\libc_nano.a(lib_a-memset.o)
 .text          0x00000000       0x14 d:/ahl-gec-ide(4.45)/gcc/bin/../lib/gcc/arm-none-eabi/7.2.1/../../../../arm-none-eabi/lib/thumb/v7e-m/fpv4-sp/hard\libc_nano.a(lib_a-strcmp.o)
 .data          0x00000000        0x0 d:/ahl-gec-ide(4.45)/gcc/bin/../lib/gcc/arm-none-eabi/7.2.1/../../../../arm-none-eabi/lib/thumb/v7e-m/fpv4-sp/hard\libc_nano.a(lib_a-strcmp.o)
 .bss           0x00000000        0x0 d:/ahl-gec-ide(4.45)/gcc/bin/../lib/gcc/arm-none-eabi/7.2.1/../../../../arm-none-eabi/lib/thumb/v7e-m/fpv4-sp/hard\libc_nano.a(lib_a-strcmp.o)
 .debug_frame   0x00000000       0x20 d:/ahl-gec-ide(4.45)/gcc/bin/../lib/gcc/arm-none-eabi/7.2.1/../../../../arm-none-eabi/lib/thumb/v7e-m/fpv4-sp/hard\libc_nano.a(lib_a-strcmp.o)
 .ARM.attributes
                0x00000000       0x20 d:/ahl-gec-ide(4.45)/gcc/bin/../lib/gcc/arm-none-eabi/7.2.1/../../../../arm-none-eabi/lib/thumb/v7e-m/fpv4-sp/hard\libc_nano.a(lib_a-strcmp.o)
 .data          0x00000000        0x0 d:/ahl-gec-ide(4.45)/gcc/bin/../lib/gcc/arm-none-eabi/7.2.1/../../../../arm-none-eabi/lib/thumb/v7e-m/fpv4-sp/hard\libc_nano.a(lib_a-strlen.o)
 .bss           0x00000000        0x0 d:/ahl-gec-ide(4.45)/gcc/bin/../lib/gcc/arm-none-eabi/7.2.1/../../../../arm-none-eabi/lib/thumb/v7e-m/fpv4-sp/hard\libc_nano.a(lib_a-strlen.o)
 .text          0x00000000        0x0 d:/ahl-gec-ide(4.45)/gcc/bin/../lib/gcc/arm-none-eabi/7.2.1/../../../../arm-none-eabi/lib/thumb/v7e-m/fpv4-sp/hard\libc_nano.a(lib_a-strncmp.o)
 .data          0x00000000        0x0 d:/ahl-gec-ide(4.45)/gcc/bin/../lib/gcc/arm-none-eabi/7.2.1/../../../../arm-none-eabi/lib/thumb/v7e-m/fpv4-sp/hard\libc_nano.a(lib_a-strncmp.o)
 .bss           0x00000000        0x0 d:/ahl-gec-ide(4.45)/gcc/bin/../lib/gcc/arm-none-eabi/7.2.1/../../../../arm-none-eabi/lib/thumb/v7e-m/fpv4-sp/hard\libc_nano.a(lib_a-strncmp.o)
 .text.strncmp  0x00000000       0x24 d:/ahl-gec-ide(4.45)/gcc/bin/../lib/gcc/arm-none-eabi/7.2.1/../../../../arm-none-eabi/lib/thumb/v7e-m/fpv4-sp/hard\libc_nano.a(lib_a-strncmp.o)
 .debug_frame   0x00000000       0x28 d:/ahl-gec-ide(4.45)/gcc/bin/../lib/gcc/arm-none-eabi/7.2.1/../../../../arm-none-eabi/lib/thumb/v7e-m/fpv4-sp/hard\libc_nano.a(lib_a-strncmp.o)
 .ARM.attributes
                0x00000000       0x34 d:/ahl-gec-ide(4.45)/gcc/bin/../lib/gcc/arm-none-eabi/7.2.1/../../../../arm-none-eabi/lib/thumb/v7e-m/fpv4-sp/hard\libc_nano.a(lib_a-strncmp.o)
 .data          0x00000000        0x0 d:/ahl-gec-ide(4.45)/gcc/bin/../lib/gcc/arm-none-eabi/7.2.1/thumb/v7e-m/fpv4-sp/hard\libgcc.a(_arm_addsubdf3.o)
 .bss           0x00000000        0x0 d:/ahl-gec-ide(4.45)/gcc/bin/../lib/gcc/arm-none-eabi/7.2.1/thumb/v7e-m/fpv4-sp/hard\libgcc.a(_arm_addsubdf3.o)
 .data          0x00000000        0x0 d:/ahl-gec-ide(4.45)/gcc/bin/../lib/gcc/arm-none-eabi/7.2.1/thumb/v7e-m/fpv4-sp/hard\libgcc.a(_arm_muldivdf3.o)
 .bss           0x00000000        0x0 d:/ahl-gec-ide(4.45)/gcc/bin/../lib/gcc/arm-none-eabi/7.2.1/thumb/v7e-m/fpv4-sp/hard\libgcc.a(_arm_muldivdf3.o)
 .data          0x00000000        0x0 d:/ahl-gec-ide(4.45)/gcc/bin/../lib/gcc/arm-none-eabi/7.2.1/thumb/v7e-m/fpv4-sp/hard\libgcc.a(_arm_cmpdf2.o)
 .bss           0x00000000        0x0 d:/ahl-gec-ide(4.45)/gcc/bin/../lib/gcc/arm-none-eabi/7.2.1/thumb/v7e-m/fpv4-sp/hard\libgcc.a(_arm_cmpdf2.o)
 .text          0x00000000       0x50 d:/ahl-gec-ide(4.45)/gcc/bin/../lib/gcc/arm-none-eabi/7.2.1/thumb/v7e-m/fpv4-sp/hard\libgcc.a(_arm_fixdfsi.o)
 .data          0x00000000        0x0 d:/ahl-gec-ide(4.45)/gcc/bin/../lib/gcc/arm-none-eabi/7.2.1/thumb/v7e-m/fpv4-sp/hard\libgcc.a(_arm_fixdfsi.o)
 .bss           0x00000000        0x0 d:/ahl-gec-ide(4.45)/gcc/bin/../lib/gcc/arm-none-eabi/7.2.1/thumb/v7e-m/fpv4-sp/hard\libgcc.a(_arm_fixdfsi.o)
 .debug_frame   0x00000000       0x24 d:/ahl-gec-ide(4.45)/gcc/bin/../lib/gcc/arm-none-eabi/7.2.1/thumb/v7e-m/fpv4-sp/hard\libgcc.a(_arm_fixdfsi.o)
 .ARM.attributes
                0x00000000       0x22 d:/ahl-gec-ide(4.45)/gcc/bin/../lib/gcc/arm-none-eabi/7.2.1/thumb/v7e-m/fpv4-sp/hard\libgcc.a(_arm_fixdfsi.o)
 .text          0x00000000       0xa0 d:/ahl-gec-ide(4.45)/gcc/bin/../lib/gcc/arm-none-eabi/7.2.1/thumb/v7e-m/fpv4-sp/hard\libgcc.a(_arm_truncdfsf2.o)
 .data          0x00000000        0x0 d:/ahl-gec-ide(4.45)/gcc/bin/../lib/gcc/arm-none-eabi/7.2.1/thumb/v7e-m/fpv4-sp/hard\libgcc.a(_arm_truncdfsf2.o)
 .bss           0x00000000        0x0 d:/ahl-gec-ide(4.45)/gcc/bin/../lib/gcc/arm-none-eabi/7.2.1/thumb/v7e-m/fpv4-sp/hard\libgcc.a(_arm_truncdfsf2.o)
 .debug_frame   0x00000000       0x24 d:/ahl-gec-ide(4.45)/gcc/bin/../lib/gcc/arm-none-eabi/7.2.1/thumb/v7e-m/fpv4-sp/hard\libgcc.a(_arm_truncdfsf2.o)
 .ARM.attributes
                0x00000000       0x22 d:/ahl-gec-ide(4.45)/gcc/bin/../lib/gcc/arm-none-eabi/7.2.1/thumb/v7e-m/fpv4-sp/hard\libgcc.a(_arm_truncdfsf2.o)
 .data          0x00000000        0x0 d:/ahl-gec-ide(4.45)/gcc/bin/../lib/gcc/arm-none-eabi/7.2.1/thumb/v7e-m/fpv4-sp/hard\libgcc.a(_aeabi_uldivmod.o)
 .bss           0x00000000        0x0 d:/ahl-gec-ide(4.45)/gcc/bin/../lib/gcc/arm-none-eabi/7.2.1/thumb/v7e-m/fpv4-sp/hard\libgcc.a(_aeabi_uldivmod.o)
 .data          0x00000000        0x0 d:/ahl-gec-ide(4.45)/gcc/bin/../lib/gcc/arm-none-eabi/7.2.1/thumb/v7e-m/fpv4-sp/hard\libgcc.a(_fixunsdfdi.o)
 .bss           0x00000000        0x0 d:/ahl-gec-ide(4.45)/gcc/bin/../lib/gcc/arm-none-eabi/7.2.1/thumb/v7e-m/fpv4-sp/hard\libgcc.a(_fixunsdfdi.o)
 .data          0x00000000        0x0 d:/ahl-gec-ide(4.45)/gcc/bin/../lib/gcc/arm-none-eabi/7.2.1/thumb/v7e-m/fpv4-sp/hard\libgcc.a(_udivmoddi4.o)
 .bss           0x00000000        0x0 d:/ahl-gec-ide(4.45)/gcc/bin/../lib/gcc/arm-none-eabi/7.2.1/thumb/v7e-m/fpv4-sp/hard\libgcc.a(_udivmoddi4.o)
 .ARM.extab     0x00000000        0x0 d:/ahl-gec-ide(4.45)/gcc/bin/../lib/gcc/arm-none-eabi/7.2.1/thumb/v7e-m/fpv4-sp/hard\libgcc.a(_udivmoddi4.o)
 .data          0x00000000        0x0 d:/ahl-gec-ide(4.45)/gcc/bin/../lib/gcc/arm-none-eabi/7.2.1/thumb/v7e-m/fpv4-sp/hard\libgcc.a(_dvmd_tls.o)
 .bss           0x00000000        0x0 d:/ahl-gec-ide(4.45)/gcc/bin/../lib/gcc/arm-none-eabi/7.2.1/thumb/v7e-m/fpv4-sp/hard\libgcc.a(_dvmd_tls.o)
 .data          0x00000000        0x0 d:/ahl-gec-ide(4.45)/gcc/bin/../lib/gcc/arm-none-eabi/7.2.1/thumb/v7e-m/fpv4-sp/hard\libgcc.a(_arm_fixunsdfsi.o)
 .bss           0x00000000        0x0 d:/ahl-gec-ide(4.45)/gcc/bin/../lib/gcc/arm-none-eabi/7.2.1/thumb/v7e-m/fpv4-sp/hard\libgcc.a(_arm_fixunsdfsi.o)
 .text          0x00000000        0x0 d:/ahl-gec-ide(4.45)/gcc/bin/../lib/gcc/arm-none-eabi/7.2.1/../../../../arm-none-eabi/lib/thumb/v7e-m/fpv4-sp/hard\libnosys.a(_exit.o)
 .data          0x00000000        0x0 d:/ahl-gec-ide(4.45)/gcc/bin/../lib/gcc/arm-none-eabi/7.2.1/../../../../arm-none-eabi/lib/thumb/v7e-m/fpv4-sp/hard\libnosys.a(_exit.o)
 .bss           0x00000000        0x0 d:/ahl-gec-ide(4.45)/gcc/bin/../lib/gcc/arm-none-eabi/7.2.1/../../../../arm-none-eabi/lib/thumb/v7e-m/fpv4-sp/hard\libnosys.a(_exit.o)
 .text._exit    0x00000000        0x4 d:/ahl-gec-ide(4.45)/gcc/bin/../lib/gcc/arm-none-eabi/7.2.1/../../../../arm-none-eabi/lib/thumb/v7e-m/fpv4-sp/hard\libnosys.a(_exit.o)
 .debug_frame   0x00000000       0x20 d:/ahl-gec-ide(4.45)/gcc/bin/../lib/gcc/arm-none-eabi/7.2.1/../../../../arm-none-eabi/lib/thumb/v7e-m/fpv4-sp/hard\libnosys.a(_exit.o)
 .ARM.attributes
                0x00000000       0x34 d:/ahl-gec-ide(4.45)/gcc/bin/../lib/gcc/arm-none-eabi/7.2.1/../../../../arm-none-eabi/lib/thumb/v7e-m/fpv4-sp/hard\libnosys.a(_exit.o)
 .text          0x00000000        0x0 d:/ahl-gec-ide(4.45)/gcc/bin/../lib/gcc/arm-none-eabi/7.2.1/thumb/v7e-m/fpv4-sp/hard/crtend.o
 .data          0x00000000        0x0 d:/ahl-gec-ide(4.45)/gcc/bin/../lib/gcc/arm-none-eabi/7.2.1/thumb/v7e-m/fpv4-sp/hard/crtend.o
 .bss           0x00000000        0x0 d:/ahl-gec-ide(4.45)/gcc/bin/../lib/gcc/arm-none-eabi/7.2.1/thumb/v7e-m/fpv4-sp/hard/crtend.o
 .eh_frame      0x00000000        0x4 d:/ahl-gec-ide(4.45)/gcc/bin/../lib/gcc/arm-none-eabi/7.2.1/thumb/v7e-m/fpv4-sp/hard/crtend.o
 .ARM.attributes
                0x00000000       0x34 d:/ahl-gec-ide(4.45)/gcc/bin/../lib/gcc/arm-none-eabi/7.2.1/thumb/v7e-m/fpv4-sp/hard/crtend.o
 .text          0x00000000        0x0 d:/ahl-gec-ide(4.45)/gcc/bin/../lib/gcc/arm-none-eabi/7.2.1/thumb/v7e-m/fpv4-sp/hard/crtn.o
 .data          0x00000000        0x0 d:/ahl-gec-ide(4.45)/gcc/bin/../lib/gcc/arm-none-eabi/7.2.1/thumb/v7e-m/fpv4-sp/hard/crtn.o
 .bss           0x00000000        0x0 d:/ahl-gec-ide(4.45)/gcc/bin/../lib/gcc/arm-none-eabi/7.2.1/thumb/v7e-m/fpv4-sp/hard/crtn.o

Memory Configuration

Name             Origin             Length             Attributes
INTVEC           0x0800d000         0x00000800         xr
FLASH            0x0800d800         0x00032000         xr
RAM              0x20004000         0x0000c000         xrw
*default*        0x00000000         0xffffffff

Linker script and memory map

LOAD d:/ahl-gec-ide(4.45)/gcc/bin/../lib/gcc/arm-none-eabi/7.2.1/thumb/v7e-m/fpv4-sp/hard/crti.o
LOAD d:/ahl-gec-ide(4.45)/gcc/bin/../lib/gcc/arm-none-eabi/7.2.1/thumb/v7e-m/fpv4-sp/hard/crtbegin.o
LOAD d:/ahl-gec-ide(4.45)/gcc/bin/../lib/gcc/arm-none-eabi/7.2.1/../../../../arm-none-eabi/lib/thumb/v7e-m/fpv4-sp/hard/crt0.o
LOAD ./obj/emuart.o
LOAD ./obj/valueType.o
LOAD ./obj/flash.o
LOAD ./obj/wdog.o
LOAD ./obj/spi.o
LOAD ./obj/gec.o
LOAD ./obj/uart.o
LOAD ./obj/lcd.o
LOAD ./obj/system_stm32l4xx.o
LOAD ./obj/printf.o
LOAD ./obj/bubbleSort.o
LOAD ./obj/startup_stm32l431rctx.o
LOAD ./obj/main.o
LOAD ./obj/gpio.o
LOAD ./obj/selectionSort.o
LOAD ./obj/isr.o
START GROUP
LOAD d:/ahl-gec-ide(4.45)/gcc/bin/../lib/gcc/arm-none-eabi/7.2.1/../../../../arm-none-eabi/lib/thumb/v7e-m/fpv4-sp/hard\libstdc++_nano.a
LOAD d:/ahl-gec-ide(4.45)/gcc/bin/../lib/gcc/arm-none-eabi/7.2.1/../../../../arm-none-eabi/lib/thumb/v7e-m/fpv4-sp/hard\libsupc++_nano.a
END GROUP
LOAD d:/ahl-gec-ide(4.45)/gcc/bin/../lib/gcc/arm-none-eabi/7.2.1/../../../../arm-none-eabi/lib/thumb/v7e-m/fpv4-sp/hard\libstdc++_nano.a
LOAD d:/ahl-gec-ide(4.45)/gcc/bin/../lib/gcc/arm-none-eabi/7.2.1/../../../../arm-none-eabi/lib/thumb/v7e-m/fpv4-sp/hard\libm.a
LOAD d:/ahl-gec-ide(4.45)/gcc/bin/../lib/gcc/arm-none-eabi/7.2.1/../../../../arm-none-eabi/lib/thumb/v7e-m/fpv4-sp/hard\libc_nano.a
START GROUP
LOAD d:/ahl-gec-ide(4.45)/gcc/bin/../lib/gcc/arm-none-eabi/7.2.1/thumb/v7e-m/fpv4-sp/hard\libgcc.a
LOAD d:/ahl-gec-ide(4.45)/gcc/bin/../lib/gcc/arm-none-eabi/7.2.1/../../../../arm-none-eabi/lib/thumb/v7e-m/fpv4-sp/hard\libc_nano.a
END GROUP
START GROUP
LOAD d:/ahl-gec-ide(4.45)/gcc/bin/../lib/gcc/arm-none-eabi/7.2.1/thumb/v7e-m/fpv4-sp/hard\libgcc.a
LOAD d:/ahl-gec-ide(4.45)/gcc/bin/../lib/gcc/arm-none-eabi/7.2.1/../../../../arm-none-eabi/lib/thumb/v7e-m/fpv4-sp/hard\libc_nano.a
LOAD d:/ahl-gec-ide(4.45)/gcc/bin/../lib/gcc/arm-none-eabi/7.2.1/../../../../arm-none-eabi/lib/thumb/v7e-m/fpv4-sp/hard\libnosys.a
END GROUP
START GROUP
LOAD d:/ahl-gec-ide(4.45)/gcc/bin/../lib/gcc/arm-none-eabi/7.2.1/thumb/v7e-m/fpv4-sp/hard\libgcc.a
LOAD d:/ahl-gec-ide(4.45)/gcc/bin/../lib/gcc/arm-none-eabi/7.2.1/../../../../arm-none-eabi/lib/thumb/v7e-m/fpv4-sp/hard\libc_nano.a
LOAD d:/ahl-gec-ide(4.45)/gcc/bin/../lib/gcc/arm-none-eabi/7.2.1/../../../../arm-none-eabi/lib/thumb/v7e-m/fpv4-sp/hard\libnosys.a
END GROUP
LOAD d:/ahl-gec-ide(4.45)/gcc/bin/../lib/gcc/arm-none-eabi/7.2.1/thumb/v7e-m/fpv4-sp/hard/crtend.o
LOAD d:/ahl-gec-ide(4.45)/gcc/bin/../lib/gcc/arm-none-eabi/7.2.1/thumb/v7e-m/fpv4-sp/hard/crtn.o
                0x00000800                MCU_SECTORSIZE = 0x800
                0x08000000                MCU_FLASH_ADDR_START = 0x8000000
                0x0000001a                GEC_USER_SECTOR_START = 0x1a
                0x0000007e                GEC_USER_SECTOR_END = 0x7e
                0x20004000                GEC_USER_RAM_START = 0x20004000
                0x2000ffff                GEC_USER_RAM_END = 0x2000ffff
                0x2000ffff                _estack = 0x2000ffff
                0x00000200                _Min_Heap_Size = 0x200
                0x00000400                _Min_Stack_Size = 0x400

.isr_vector     0x0800d000      0x190
                0x0800d000                . = ALIGN (0x8)
 *(.isr_vector)
 .isr_vector    0x0800d000      0x18c ./obj/startup_stm32l431rctx.o
                0x0800d000                g_pfnVectors
                0x0800d190                . = ALIGN (0x8)
 *fill*         0x0800d18c        0x4 

.text           0x0800d800     0x1c88
                0x0800d800                . = ALIGN (0x8)
 *(.text)
 .text          0x0800d800       0x40 d:/ahl-gec-ide(4.45)/gcc/bin/../lib/gcc/arm-none-eabi/7.2.1/thumb/v7e-m/fpv4-sp/hard/crtbegin.o
 .text          0x0800d840       0x88 ./obj/main.o
                0x0800d840                main
 .text          0x0800d8c8      0x19c ./obj/gpio.o
                0x0800d8e0                gpio_init
                0x0800d982                gpio_set
                0x0800d9c6                gpio_reverse
                0x0800da1a                gpio_get
 .text          0x0800da64       0x42 ./obj/selectionSort.o
                0x0800da64                selectionSort_up
 .text          0x0800daa6       0x20 ./obj/isr.o
                0x0800daa6                USART2_IRQHandler
                0x0800daa6                UART_User_Handler
 .text          0x0800dac6       0x10 d:/ahl-gec-ide(4.45)/gcc/bin/../lib/gcc/arm-none-eabi/7.2.1/../../../../arm-none-eabi/lib/thumb/v7e-m/fpv4-sp/hard\libc_nano.a(lib_a-strlen.o)
                0x0800dac6                strlen
 *fill*         0x0800dad6        0x2 
 .text          0x0800dad8      0x378 d:/ahl-gec-ide(4.45)/gcc/bin/../lib/gcc/arm-none-eabi/7.2.1/thumb/v7e-m/fpv4-sp/hard\libgcc.a(_arm_addsubdf3.o)
                0x0800dad8                __aeabi_drsub
                0x0800dae0                __aeabi_dsub
                0x0800dae0                __subdf3
                0x0800dae4                __aeabi_dadd
                0x0800dae4                __adddf3
                0x0800dd5c                __floatunsidf
                0x0800dd5c                __aeabi_ui2d
                0x0800dd7c                __floatsidf
                0x0800dd7c                __aeabi_i2d
                0x0800dda0                __aeabi_f2d
                0x0800dda0                __extendsfdf2
                0x0800dde4                __floatundidf
                0x0800dde4                __aeabi_ul2d
                0x0800ddf4                __floatdidf
                0x0800ddf4                __aeabi_l2d
 .text          0x0800de50      0x424 d:/ahl-gec-ide(4.45)/gcc/bin/../lib/gcc/arm-none-eabi/7.2.1/thumb/v7e-m/fpv4-sp/hard\libgcc.a(_arm_muldivdf3.o)
                0x0800de50                __aeabi_dmul
                0x0800de50                __muldf3
                0x0800e0a4                __divdf3
                0x0800e0a4                __aeabi_ddiv
 .text          0x0800e274      0x110 d:/ahl-gec-ide(4.45)/gcc/bin/../lib/gcc/arm-none-eabi/7.2.1/thumb/v7e-m/fpv4-sp/hard\libgcc.a(_arm_cmpdf2.o)
                0x0800e274                __gtdf2
                0x0800e274                __gedf2
                0x0800e27c                __ltdf2
                0x0800e27c                __ledf2
                0x0800e284                __nedf2
                0x0800e284                __eqdf2
                0x0800e284                __cmpdf2
                0x0800e300                __aeabi_cdrcmple
                0x0800e310                __aeabi_cdcmpeq
                0x0800e310                __aeabi_cdcmple
                0x0800e320                __aeabi_dcmpeq
                0x0800e334                __aeabi_dcmplt
                0x0800e348                __aeabi_dcmple
                0x0800e35c                __aeabi_dcmpge
                0x0800e370                __aeabi_dcmpgt
 .text          0x0800e384       0x30 d:/ahl-gec-ide(4.45)/gcc/bin/../lib/gcc/arm-none-eabi/7.2.1/thumb/v7e-m/fpv4-sp/hard\libgcc.a(_aeabi_uldivmod.o)
                0x0800e384                __aeabi_uldivmod
 .text          0x0800e3b4       0x44 d:/ahl-gec-ide(4.45)/gcc/bin/../lib/gcc/arm-none-eabi/7.2.1/thumb/v7e-m/fpv4-sp/hard\libgcc.a(_fixunsdfdi.o)
                0x0800e3b4                __fixunsdfdi
                0x0800e3b4                __aeabi_d2ulz
 .text          0x0800e3f8      0x2cc d:/ahl-gec-ide(4.45)/gcc/bin/../lib/gcc/arm-none-eabi/7.2.1/thumb/v7e-m/fpv4-sp/hard\libgcc.a(_udivmoddi4.o)
                0x0800e3f8                __udivmoddi4
 .text          0x0800e6c4        0x4 d:/ahl-gec-ide(4.45)/gcc/bin/../lib/gcc/arm-none-eabi/7.2.1/thumb/v7e-m/fpv4-sp/hard\libgcc.a(_dvmd_tls.o)
                0x0800e6c4                __aeabi_idiv0
                0x0800e6c4                __aeabi_ldiv0
 .text          0x0800e6c8       0x40 d:/ahl-gec-ide(4.45)/gcc/bin/../lib/gcc/arm-none-eabi/7.2.1/thumb/v7e-m/fpv4-sp/hard\libgcc.a(_arm_fixunsdfsi.o)
                0x0800e6c8                __aeabi_d2uiz
                0x0800e6c8                __fixunsdfsi
 *(.text*)
 .text.flash_erase
                0x0800e708       0x58 ./obj/flash.o
                0x0800e708                flash_erase
 .text.flash_read_logic
                0x0800e760       0x12 ./obj/flash.o
                0x0800e760                flash_read_logic
 .text.flash_read_physical
                0x0800e772        0x8 ./obj/flash.o
                0x0800e772                flash_read_physical
 .text.flash_isempty
                0x0800e77a       0x3e ./obj/flash.o
                0x0800e77a                flash_isempty
 .text.flash_write_DoubleWord
                0x0800e7b8       0x38 ./obj/flash.o
                0x0800e7b8                flash_write_DoubleWord
 .text.flash_Best
                0x0800e7f0       0x6c ./obj/flash.o
                0x0800e7f0                flash_Best
 .text.flash_write
                0x0800e85c       0x9c ./obj/flash.o
                0x0800e85c                flash_write
 .text.flash_write_physical
                0x0800e8f8       0x2c ./obj/flash.o
                0x0800e8f8                flash_write_physical
 .text.Vectors_Init
                0x0800e924       0xa4 ./obj/gec.o
                0x0800e924                Vectors_Init
 .text.uart_is_uartNo
                0x0800e9c8       0x10 ./obj/uart.o
                0x0800e9c8                uart_is_uartNo
 .text.uart_send1
                0x0800e9d8       0x48 ./obj/uart.o
                0x0800e9d8                uart_send1
 .text.uart_re1
                0x0800ea20       0x50 ./obj/uart.o
                0x0800ea20                uart_re1
 .text.SysClock_Config
                0x0800ea70       0x9c ./obj/system_stm32l4xx.o
                0x0800ea70                SysClock_Config
 .text.SystemInit
                0x0800eb0c       0x50 ./obj/system_stm32l4xx.o
                0x0800eb0c                SystemInit
 .text.printk_putc
                0x0800eb5c       0x2a ./obj/printf.o
 .text.printk_mknumstr
                0x0800eb86       0x68 ./obj/printf.o
 .text.printk_pad_zero
                0x0800ebee       0x1e ./obj/printf.o
 .text.printk_pad_space
                0x0800ec0c       0x1e ./obj/printf.o
 .text.out_char
                0x0800ec2a        0xc ./obj/printf.o
                0x0800ec2a                out_char
 *fill*         0x0800ec36        0x2 
 .text.printk_mkfloatstr
                0x0800ec38      0x18c ./obj/printf.o
                0x0800ec38                printk_mkfloatstr
 .text.printk   0x0800edc4      0x5b8 ./obj/printf.o
                0x0800edc4                printk
 .text.myprintf
                0x0800f37c       0x28 ./obj/printf.o
                0x0800f37c                myprintf
 .text.Reset_Handler
                0x0800f3a4       0x54 ./obj/startup_stm32l431rctx.o
                0x0800f3a4                Reset_Handler
 .text.Default_Handler
                0x0800f3f8        0x6 ./obj/startup_stm32l431rctx.o
                0x0800f3f8                RTC_Alarm_IRQHandler
                0x0800f3f8                EXTI2_IRQHandler
                0x0800f3f8                DebugMon_Handler
                0x0800f3f8                TIM1_CC_IRQHandler
                0x0800f3f8                TSC_IRQHandler
                0x0800f3f8                HardFault_Handler
                0x0800f3f8                SysTick_Handler
                0x0800f3f8                TAMP_STAMP_IRQHandler
                0x0800f3f8                PendSV_Handler
                0x0800f3f8                NMI_Handler
                0x0800f3f8                EXTI3_IRQHandler
                0x0800f3f8                LPTIM2_IRQHandler
                0x0800f3f8                I2C3_ER_IRQHandler
                0x0800f3f8                EXTI0_IRQHandler
                0x0800f3f8                I2C2_EV_IRQHandler
                0x0800f3f8                CAN1_RX0_IRQHandler
                0x0800f3f8                FPU_IRQHandler
                0x0800f3f8                TIM1_UP_TIM16_IRQHandler
                0x0800f3f8                UsageFault_Handler
                0x0800f3f8                SPI1_IRQHandler
                0x0800f3f8                TIM6_DAC_IRQHandler
                0x0800f3f8                DMA2_Channel2_IRQHandler
                0x0800f3f8                DMA1_Channel4_IRQHandler
                0x0800f3f8                ADC1_IRQHandler
                0x0800f3f8                USART3_IRQHandler
                0x0800f3f8                DMA1_Channel7_IRQHandler
                0x0800f3f8                CAN1_RX1_IRQHandler
                0x0800f3f8                DMA2_Channel1_IRQHandler
                0x0800f3f8                QUADSPI_IRQHandler
                0x0800f3f8                I2C1_EV_IRQHandler
                0x0800f3f8                DMA1_Channel6_IRQHandler
                0x0800f3f8                DMA2_Channel4_IRQHandler
                0x0800f3f8                RCC_IRQHandler
                0x0800f3f8                TIM1_TRG_COM_IRQHandler
                0x0800f3f8                DMA1_Channel1_IRQHandler
                0x0800f3f8                Default_Handler
                0x0800f3f8                DMA2_Channel7_IRQHandler
                0x0800f3f8                EXTI15_10_IRQHandler
                0x0800f3f8                TIM7_IRQHandler
                0x0800f3f8                SDMMC1_IRQHandler
                0x0800f3f8                I2C3_EV_IRQHandler
                0x0800f3f8                EXTI9_5_IRQHandler
                0x0800f3f8                RTC_WKUP_IRQHandler
                0x0800f3f8                PVD_PVM_IRQHandler
                0x0800f3f8                SPI2_IRQHandler
                0x0800f3f8                MemManage_Handler
                0x0800f3f8                CAN1_TX_IRQHandler
                0x0800f3f8                SVC_Handler
                0x0800f3f8                DMA2_Channel5_IRQHandler
                0x0800f3f8                CRS_IRQHandler
                0x0800f3f8                DMA1_Channel5_IRQHandler
                0x0800f3f8                EXTI4_IRQHandler
                0x0800f3f8                RNG_IRQHandler
                0x0800f3f8                DMA1_Channel3_IRQHandler
                0x0800f3f8                COMP_IRQHandler
                0x0800f3f8                WWDG_IRQHandler
                0x0800f3f8                LPUART1_IRQHandler
                0x0800f3f8                DMA2_Channel6_IRQHandler
                0x0800f3f8                TIM2_IRQHandler
                0x0800f3f8                EXTI1_IRQHandler
                0x0800f3f8                I2C2_ER_IRQHandler
                0x0800f3f8                DMA1_Channel2_IRQHandler
                0x0800f3f8                CAN1_SCE_IRQHandler
                0x0800f3f8                FLASH_IRQHandler
                0x0800f3f8                BusFault_Handler
                0x0800f3f8                USART1_IRQHandler
                0x0800f3f8                SPI3_IRQHandler
                0x0800f3f8                I2C1_ER_IRQHandler
                0x0800f3f8                SWPMI1_IRQHandler
                0x0800f3f8                LPTIM1_IRQHandler
                0x0800f3f8                SAI1_IRQHandler
                0x0800f3f8                DMA2_Channel3_IRQHandler
                0x0800f3f8                TIM1_BRK_TIM15_IRQHandler
 *fill*         0x0800f3fe        0x2 
 .text.__libc_init_array
                0x0800f400       0x48 d:/ahl-gec-ide(4.45)/gcc/bin/../lib/gcc/arm-none-eabi/7.2.1/../../../../arm-none-eabi/lib/thumb/v7e-m/fpv4-sp/hard\libc_nano.a(lib_a-init.o)
                0x0800f400                __libc_init_array
 .text.memcpy   0x0800f448       0x16 d:/ahl-gec-ide(4.45)/gcc/bin/../lib/gcc/arm-none-eabi/7.2.1/../../../../arm-none-eabi/lib/thumb/v7e-m/fpv4-sp/hard\libc_nano.a(lib_a-memcpy-stub.o)
                0x0800f448                memcpy
 .text.memset   0x0800f45e       0x10 d:/ahl-gec-ide(4.45)/gcc/bin/../lib/gcc/arm-none-eabi/7.2.1/../../../../arm-none-eabi/lib/thumb/v7e-m/fpv4-sp/hard\libc_nano.a(lib_a-memset.o)
                0x0800f45e                memset
 *(.glue_7)
 .glue_7        0x0800f46e        0x0 linker stubs
 *(.glue_7t)
 .glue_7t       0x0800f46e        0x0 linker stubs
 *(.eh_frame)
 *fill*         0x0800f46e        0x2 
 .eh_frame      0x0800f470        0x0 d:/ahl-gec-ide(4.45)/gcc/bin/../lib/gcc/arm-none-eabi/7.2.1/thumb/v7e-m/fpv4-sp/hard/crtbegin.o
 *(.init)
 .init          0x0800f470        0x4 d:/ahl-gec-ide(4.45)/gcc/bin/../lib/gcc/arm-none-eabi/7.2.1/thumb/v7e-m/fpv4-sp/hard/crti.o
                0x0800f470                _init
 .init          0x0800f474        0x8 d:/ahl-gec-ide(4.45)/gcc/bin/../lib/gcc/arm-none-eabi/7.2.1/thumb/v7e-m/fpv4-sp/hard/crtn.o
 *(.fini)
 .fini          0x0800f47c        0x4 d:/ahl-gec-ide(4.45)/gcc/bin/../lib/gcc/arm-none-eabi/7.2.1/thumb/v7e-m/fpv4-sp/hard/crti.o
                0x0800f47c                _fini
 .fini          0x0800f480        0x8 d:/ahl-gec-ide(4.45)/gcc/bin/../lib/gcc/arm-none-eabi/7.2.1/thumb/v7e-m/fpv4-sp/hard/crtn.o
                0x0800f488                . = ALIGN (0x8)
                0x0800f488                _etext = .

.vfp11_veneer   0x0800f488        0x0
 .vfp11_veneer  0x0800f488        0x0 linker stubs

.v4_bx          0x0800f488        0x0
 .v4_bx         0x0800f488        0x0 linker stubs

.iplt           0x0800f488        0x0
 .iplt          0x0800f488        0x0 d:/ahl-gec-ide(4.45)/gcc/bin/../lib/gcc/arm-none-eabi/7.2.1/thumb/v7e-m/fpv4-sp/hard/crtbegin.o

.rodata         0x0800f488       0x48
                0x0800f488                . = ALIGN (0x8)
 *(.rodata)
 *(.rodata*)
 .rodata.Vectors_Init.str1.4
                0x0800f488       0x48 ./obj/gec.o
                0x0800f4d0                . = ALIGN (0x8)

.ARM.extab      0x0800f4d0        0x0
                0x0800f4d0                . = ALIGN (0x8)
 *(.ARM.extab* .gnu.linkonce.armextab.*)
                0x0800f4d0                . = ALIGN (0x8)

.ARM            0x0800f4d0        0x8
                0x0800f4d0                . = ALIGN (0x8)
                0x0800f4d0                __exidx_start = .
 *(.ARM.exidx*)
 .ARM.exidx     0x0800f4d0        0x8 d:/ahl-gec-ide(4.45)/gcc/bin/../lib/gcc/arm-none-eabi/7.2.1/thumb/v7e-m/fpv4-sp/hard\libgcc.a(_udivmoddi4.o)
                0x0800f4d8                __exidx_end = .
                0x0800f4d8                . = ALIGN (0x8)

.rel.dyn        0x0800f4d8        0x0
 .rel.iplt      0x0800f4d8        0x0 d:/ahl-gec-ide(4.45)/gcc/bin/../lib/gcc/arm-none-eabi/7.2.1/thumb/v7e-m/fpv4-sp/hard/crtbegin.o

.preinit_array  0x0800f4d8        0x0
                0x0800f4d8                . = ALIGN (0x8)
                0x0800f4d8                PROVIDE (__preinit_array_start, .)
 *(.preinit_array*)
                0x0800f4d8                PROVIDE (__preinit_array_end, .)
                0x0800f4d8                . = ALIGN (0x8)

.init_array     0x0800f4d8        0x8
                0x0800f4d8                . = ALIGN (0x8)
                0x0800f4d8                PROVIDE (__init_array_start, .)
 *(SORT_BY_NAME(.init_array.*))
 *(.init_array*)
 .init_array    0x0800f4d8        0x4 d:/ahl-gec-ide(4.45)/gcc/bin/../lib/gcc/arm-none-eabi/7.2.1/thumb/v7e-m/fpv4-sp/hard/crtbegin.o
                0x0800f4dc                PROVIDE (__init_array_end, .)
                0x0800f4e0                . = ALIGN (0x8)
 *fill*         0x0800f4dc        0x4 

.fini_array     0x0800f4e0        0x8
                0x0800f4e0                . = ALIGN (0x8)
                [!provide]                PROVIDE (__fini_array_start, .)
 *(SORT_BY_NAME(.fini_array.*))
 *(.fini_array*)
 .fini_array    0x0800f4e0        0x4 d:/ahl-gec-ide(4.45)/gcc/bin/../lib/gcc/arm-none-eabi/7.2.1/thumb/v7e-m/fpv4-sp/hard/crtbegin.o
                [!provide]                PROVIDE (__fini_array_end, .)
                0x0800f4e8                . = ALIGN (0x8)
 *fill*         0x0800f4e4        0x4 
                0x0800f4e8                _sidata = LOADADDR (.data)

.data           0x20004000      0x128 load address 0x0800f4e8
                0x20004000                . = ALIGN (0x4)
                0x20004000                _sdata = .
 *(.data)
 .data          0x20004000      0x11c ./obj/main.o
 *(.data*)
 .data.USART_ARR
                0x2000411c        0xc ./obj/uart.o
                0x2000411c                USART_ARR
                0x20004128                . = ALIGN (0x4)
                0x20004128                _edata = .

.igot.plt       0x20004128        0x0 load address 0x0800f610
 .igot.plt      0x20004128        0x0 d:/ahl-gec-ide(4.45)/gcc/bin/../lib/gcc/arm-none-eabi/7.2.1/thumb/v7e-m/fpv4-sp/hard/crtbegin.o
                0x20004128                . = ALIGN (0x4)

.bss            0x20004128       0x20 load address 0x0800f610
                0x20004128                _sbss = .
                0x20004128                __bss_start__ = _sbss
 *(.bss)
 .bss           0x20004128       0x1c d:/ahl-gec-ide(4.45)/gcc/bin/../lib/gcc/arm-none-eabi/7.2.1/thumb/v7e-m/fpv4-sp/hard/crtbegin.o
 *(.bss*)
 *(COMMON)
 COMMON         0x20004144        0x4 ./obj/gec.o
                0x20004144                component_fun
                0x20004148                . = ALIGN (0x4)
                0x20004148                _ebss = .
                0x20004148                __bss_end__ = _ebss

/DISCARD/
 libc.a(*)
 libm.a(*)
 libgcc.a(*)

.ARM.attributes
                0x00000000       0x30
 *(.ARM.attributes)
 .ARM.attributes
                0x00000000       0x22 d:/ahl-gec-ide(4.45)/gcc/bin/../lib/gcc/arm-none-eabi/7.2.1/thumb/v7e-m/fpv4-sp/hard/crti.o
 .ARM.attributes
                0x00000022       0x34 d:/ahl-gec-ide(4.45)/gcc/bin/../lib/gcc/arm-none-eabi/7.2.1/thumb/v7e-m/fpv4-sp/hard/crtbegin.o
 .ARM.attributes
                0x00000056       0x39 ./obj/flash.o
 .ARM.attributes
                0x0000008f       0x39 ./obj/gec.o
 .ARM.attributes
                0x000000c8       0x39 ./obj/uart.o
 .ARM.attributes
                0x00000101       0x39 ./obj/system_stm32l4xx.o
 .ARM.attributes
                0x0000013a       0x39 ./obj/printf.o
 .ARM.attributes
                0x00000173       0x21 ./obj/startup_stm32l431rctx.o
 .ARM.attributes
                0x00000194       0x25 ./obj/main.o
 .ARM.attributes
                0x000001b9       0x25 ./obj/gpio.o
 .ARM.attributes
                0x000001de       0x25 ./obj/selectionSort.o
 .ARM.attributes
                0x00000203       0x25 ./obj/isr.o
 .ARM.attributes
                0x00000228       0x34 d:/ahl-gec-ide(4.45)/gcc/bin/../lib/gcc/arm-none-eabi/7.2.1/../../../../arm-none-eabi/lib/thumb/v7e-m/fpv4-sp/hard\libc_nano.a(lib_a-init.o)
 .ARM.attributes
                0x0000025c       0x34 d:/ahl-gec-ide(4.45)/gcc/bin/../lib/gcc/arm-none-eabi/7.2.1/../../../../arm-none-eabi/lib/thumb/v7e-m/fpv4-sp/hard\libc_nano.a(lib_a-memcpy-stub.o)
 .ARM.attributes
                0x00000290       0x34 d:/ahl-gec-ide(4.45)/gcc/bin/../lib/gcc/arm-none-eabi/7.2.1/../../../../arm-none-eabi/lib/thumb/v7e-m/fpv4-sp/hard\libc_nano.a(lib_a-memset.o)
 .ARM.attributes
                0x000002c4       0x1b d:/ahl-gec-ide(4.45)/gcc/bin/../lib/gcc/arm-none-eabi/7.2.1/../../../../arm-none-eabi/lib/thumb/v7e-m/fpv4-sp/hard\libc_nano.a(lib_a-strlen.o)
 .ARM.attributes
                0x000002df       0x22 d:/ahl-gec-ide(4.45)/gcc/bin/../lib/gcc/arm-none-eabi/7.2.1/thumb/v7e-m/fpv4-sp/hard\libgcc.a(_arm_addsubdf3.o)
 .ARM.attributes
                0x00000301       0x22 d:/ahl-gec-ide(4.45)/gcc/bin/../lib/gcc/arm-none-eabi/7.2.1/thumb/v7e-m/fpv4-sp/hard\libgcc.a(_arm_muldivdf3.o)
 .ARM.attributes
                0x00000323       0x22 d:/ahl-gec-ide(4.45)/gcc/bin/../lib/gcc/arm-none-eabi/7.2.1/thumb/v7e-m/fpv4-sp/hard\libgcc.a(_arm_cmpdf2.o)
 .ARM.attributes
                0x00000345       0x22 d:/ahl-gec-ide(4.45)/gcc/bin/../lib/gcc/arm-none-eabi/7.2.1/thumb/v7e-m/fpv4-sp/hard\libgcc.a(_aeabi_uldivmod.o)
 .ARM.attributes
                0x00000367       0x34 d:/ahl-gec-ide(4.45)/gcc/bin/../lib/gcc/arm-none-eabi/7.2.1/thumb/v7e-m/fpv4-sp/hard\libgcc.a(_fixunsdfdi.o)
 .ARM.attributes
                0x0000039b       0x34 d:/ahl-gec-ide(4.45)/gcc/bin/../lib/gcc/arm-none-eabi/7.2.1/thumb/v7e-m/fpv4-sp/hard\libgcc.a(_udivmoddi4.o)
 .ARM.attributes
                0x000003cf       0x22 d:/ahl-gec-ide(4.45)/gcc/bin/../lib/gcc/arm-none-eabi/7.2.1/thumb/v7e-m/fpv4-sp/hard\libgcc.a(_dvmd_tls.o)
 .ARM.attributes
                0x000003f1       0x22 d:/ahl-gec-ide(4.45)/gcc/bin/../lib/gcc/arm-none-eabi/7.2.1/thumb/v7e-m/fpv4-sp/hard\libgcc.a(_arm_fixunsdfsi.o)
 .ARM.attributes
                0x00000413       0x22 d:/ahl-gec-ide(4.45)/gcc/bin/../lib/gcc/arm-none-eabi/7.2.1/thumb/v7e-m/fpv4-sp/hard/crtn.o
OUTPUT(Exam5_5.elf elf32-littlearm)

.debug_info     0x00000000     0x4e5c
 .debug_info    0x00000000      0xf66 ./obj/flash.o
 .debug_info    0x00000f66      0xc39 ./obj/gec.o
 .debug_info    0x00001b9f     0x1485 ./obj/uart.o
 .debug_info    0x00003024      0x847 ./obj/system_stm32l4xx.o
 .debug_info    0x0000386b     0x1537 ./obj/printf.o
 .debug_info    0x00004da2       0x22 ./obj/startup_stm32l431rctx.o
 .debug_info    0x00004dc4       0x26 ./obj/main.o
 .debug_info    0x00004dea       0x26 ./obj/gpio.o
 .debug_info    0x00004e10       0x26 ./obj/selectionSort.o
 .debug_info    0x00004e36       0x26 ./obj/isr.o

.debug_abbrev   0x00000000      0xcf3
 .debug_abbrev  0x00000000      0x2eb ./obj/flash.o
 .debug_abbrev  0x000002eb      0x1f5 ./obj/gec.o
 .debug_abbrev  0x000004e0      0x336 ./obj/uart.o
 .debug_abbrev  0x00000816      0x18e ./obj/system_stm32l4xx.o
 .debug_abbrev  0x000009a4      0x2ed ./obj/printf.o
 .debug_abbrev  0x00000c91       0x12 ./obj/startup_stm32l431rctx.o
 .debug_abbrev  0x00000ca3       0x14 ./obj/main.o
 .debug_abbrev  0x00000cb7       0x14 ./obj/gpio.o
 .debug_abbrev  0x00000ccb       0x14 ./obj/selectionSort.o
 .debug_abbrev  0x00000cdf       0x14 ./obj/isr.o

.debug_loc      0x00000000     0x1d99
 .debug_loc     0x00000000      0x66d ./obj/flash.o
 .debug_loc     0x0000066d       0x16 ./obj/gec.o
 .debug_loc     0x00000683      0x3c2 ./obj/uart.o
 .debug_loc     0x00000a45      0x246 ./obj/system_stm32l4xx.o
 .debug_loc     0x00000c8b     0x110e ./obj/printf.o

.debug_aranges  0x00000000      0x238
 .debug_aranges
                0x00000000       0x78 ./obj/flash.o
 .debug_aranges
                0x00000078       0x20 ./obj/gec.o
 .debug_aranges
                0x00000098       0x70 ./obj/uart.o
 .debug_aranges
                0x00000108       0x30 ./obj/system_stm32l4xx.o
 .debug_aranges
                0x00000138       0x58 ./obj/printf.o
 .debug_aranges
                0x00000190       0x28 ./obj/startup_stm32l431rctx.o
 .debug_aranges
                0x000001b8       0x20 ./obj/main.o
 .debug_aranges
                0x000001d8       0x20 ./obj/gpio.o
 .debug_aranges
                0x000001f8       0x20 ./obj/selectionSort.o
 .debug_aranges
                0x00000218       0x20 ./obj/isr.o

.debug_ranges   0x00000000      0x178
 .debug_ranges  0x00000000       0x80 ./obj/flash.o
 .debug_ranges  0x00000080       0x10 ./obj/gec.o
 .debug_ranges  0x00000090       0x60 ./obj/uart.o
 .debug_ranges  0x000000f0       0x20 ./obj/system_stm32l4xx.o
 .debug_ranges  0x00000110       0x48 ./obj/printf.o
 .debug_ranges  0x00000158       0x20 ./obj/startup_stm32l431rctx.o

.debug_macro    0x00000000      0xd5e
 .debug_macro   0x00000000      0x1bd ./obj/flash.o
 .debug_macro   0x000001bd       0x46 ./obj/flash.o
 .debug_macro   0x00000203      0x32a ./obj/flash.o
 .debug_macro   0x0000052d       0x34 ./obj/flash.o
 .debug_macro   0x00000561      0x1f7 ./obj/gec.o
 .debug_macro   0x00000758       0x9a ./obj/gec.o
 .debug_macro   0x000007f2       0xd0 ./obj/gec.o
 .debug_macro   0x000008c2       0x34 ./obj/gec.o
 .debug_macro   0x000008f6      0x1bd ./obj/uart.o
 .debug_macro   0x00000ab3       0xdf ./obj/system_stm32l4xx.o
 .debug_macro   0x00000b92      0x1cc ./obj/printf.o

.debug_line     0x00000000     0x1c56
 .debug_line    0x00000000      0x58f ./obj/flash.o
 .debug_line    0x0000058f      0x501 ./obj/gec.o
 .debug_line    0x00000a90      0x585 ./obj/uart.o
 .debug_line    0x00001015      0x2fb ./obj/system_stm32l4xx.o
 .debug_line    0x00001310      0x6de ./obj/printf.o
 .debug_line    0x000019ee       0x7d ./obj/startup_stm32l431rctx.o
 .debug_line    0x00001a6b       0x6b ./obj/main.o
 .debug_line    0x00001ad6       0xd6 ./obj/gpio.o
 .debug_line    0x00001bac       0x63 ./obj/selectionSort.o
 .debug_line    0x00001c0f       0x47 ./obj/isr.o

.debug_str      0x00000000    0x8291b
 .debug_str     0x00000000    0x81370 ./obj/flash.o
                              0x81623 (size before relaxing)
 .debug_str     0x00081370      0xc76 ./obj/gec.o
                              0x8214d (size before relaxing)
 .debug_str     0x00081fe6      0x64e ./obj/uart.o
                              0x81afb (size before relaxing)
 .debug_str     0x00082634      0x125 ./obj/system_stm32l4xx.o
                              0x7e03b (size before relaxing)
 .debug_str     0x00082759      0x15e ./obj/printf.o
                              0x81854 (size before relaxing)
 .debug_str     0x000828b7       0x2c ./obj/startup_stm32l431rctx.o
                                 0x67 (size before relaxing)
 .debug_str     0x000828e3        0xc ./obj/main.o
                                 0x56 (size before relaxing)
 .debug_str     0x000828ef        0xc ./obj/gpio.o
                                 0x56 (size before relaxing)
 .debug_str     0x000828fb       0x15 ./obj/selectionSort.o
                                 0x5f (size before relaxing)
 .debug_str     0x00082910        0xb ./obj/isr.o
                                 0x55 (size before relaxing)

.comment        0x00000000       0x7e
 .comment       0x00000000       0x7e ./obj/flash.o
                                 0x7f (size before relaxing)
 .comment       0x0000007e       0x7f ./obj/gec.o
 .comment       0x0000007e       0x7f ./obj/uart.o
 .comment       0x0000007e       0x7f ./obj/system_stm32l4xx.o
 .comment       0x0000007e       0x7f ./obj/printf.o

.debug_frame    0x00000000      0x700
 .debug_frame   0x00000000      0x130 ./obj/flash.o
 .debug_frame   0x00000130       0x30 ./obj/gec.o
 .debug_frame   0x00000160      0x138 ./obj/uart.o
 .debug_frame   0x00000298       0x54 ./obj/system_stm32l4xx.o
 .debug_frame   0x000002ec      0x130 ./obj/printf.o
 .debug_frame   0x0000041c       0x2c d:/ahl-gec-ide(4.45)/gcc/bin/../lib/gcc/arm-none-eabi/7.2.1/../../../../arm-none-eabi/lib/thumb/v7e-m/fpv4-sp/hard\libc_nano.a(lib_a-init.o)
 .debug_frame   0x00000448       0x28 d:/ahl-gec-ide(4.45)/gcc/bin/../lib/gcc/arm-none-eabi/7.2.1/../../../../arm-none-eabi/lib/thumb/v7e-m/fpv4-sp/hard\libc_nano.a(lib_a-memcpy-stub.o)
 .debug_frame   0x00000470       0x20 d:/ahl-gec-ide(4.45)/gcc/bin/../lib/gcc/arm-none-eabi/7.2.1/../../../../arm-none-eabi/lib/thumb/v7e-m/fpv4-sp/hard\libc_nano.a(lib_a-memset.o)
 .debug_frame   0x00000490       0xac d:/ahl-gec-ide(4.45)/gcc/bin/../lib/gcc/arm-none-eabi/7.2.1/thumb/v7e-m/fpv4-sp/hard\libgcc.a(_arm_addsubdf3.o)
 .debug_frame   0x0000053c       0x50 d:/ahl-gec-ide(4.45)/gcc/bin/../lib/gcc/arm-none-eabi/7.2.1/thumb/v7e-m/fpv4-sp/hard\libgcc.a(_arm_muldivdf3.o)
 .debug_frame   0x0000058c       0xc4 d:/ahl-gec-ide(4.45)/gcc/bin/../lib/gcc/arm-none-eabi/7.2.1/thumb/v7e-m/fpv4-sp/hard\libgcc.a(_arm_cmpdf2.o)
 .debug_frame   0x00000650       0x2c d:/ahl-gec-ide(4.45)/gcc/bin/../lib/gcc/arm-none-eabi/7.2.1/thumb/v7e-m/fpv4-sp/hard\libgcc.a(_aeabi_uldivmod.o)
 .debug_frame   0x0000067c       0x2c d:/ahl-gec-ide(4.45)/gcc/bin/../lib/gcc/arm-none-eabi/7.2.1/thumb/v7e-m/fpv4-sp/hard\libgcc.a(_fixunsdfdi.o)
 .debug_frame   0x000006a8       0x34 d:/ahl-gec-ide(4.45)/gcc/bin/../lib/gcc/arm-none-eabi/7.2.1/thumb/v7e-m/fpv4-sp/hard\libgcc.a(_udivmoddi4.o)
 .debug_frame   0x000006dc       0x24 d:/ahl-gec-ide(4.45)/gcc/bin/../lib/gcc/arm-none-eabi/7.2.1/thumb/v7e-m/fpv4-sp/hard\libgcc.a(_arm_fixunsdfsi.o)
