lcd.c:414:10:mypow	0	static
lcd.c:421:6:LCD_WR_DATA8	8	static
lcd.c:430:6:LCD_WR_DATA	8	static
lcd.c:440:6:LCD_WR_REG	8	static
lcd.c:450:6:LCD_WR_REG_DATA	8	static
lcd.c:457:6:Address_set	24	static
lcd.c:65:6:LCD_Clear	16	static
lcd.c:27:6:LCD_Init	16	static
lcd.c:84:6:LCD_DrawPoint	8	static
lcd.c:112:6:LCD_DrawCircle	64	static
lcd.c:317:6:LCD_DrawLine	56	static
lcd.c:149:6:LCD_DrawRectangle	32	static
lcd.c:166:6:LCD_ShowCharactor	24	static
lcd.c:220:6:LCD_ShowString	56	static
lcd.c:205:6:LCD_showScreen_string	16	static
lcd.c:378:6:LCD_showScreen_digital	48	static
lcd.c:361:6:LCD_DrawSurface	32	static
lcd.c:99:6:LCD_DrawPoint_big	16	static
lcd.c:281:6:LCD_aotu	64	static
lcd.c:191:6:LCD_showTitle	16	static
